Archive member included to satisfy reference by file (symbol)

/Applications/ArmGNUToolchain/14.2.rel1/arm-none-eabi/bin/../lib/gcc/arm-none-eabi/14.2.1/thumb/v6-m/nofp/libgcc.a(_dvmd_tls.o)
                              CMakeFiles/tiles_parallax.dir/Users/giovanni.pozzobon/Documents/pico/pico-sdk/src/rp2_common/pico_divider/divider_hardware.S.o (__aeabi_idiv0)
/Applications/ArmGNUToolchain/14.2.rel1/arm-none-eabi/bin/../lib/gcc/arm-none-eabi/14.2.1/../../../../arm-none-eabi/lib/thumb/v6-m/nofp/libg.a(libc_a-calloc.o)
                              CMakeFiles/tiles_parallax.dir/Users/giovanni.pozzobon/Documents/pico/pico-sdk/src/rp2_common/pico_malloc/malloc.c.o (calloc)
/Applications/ArmGNUToolchain/14.2.rel1/arm-none-eabi/bin/../lib/gcc/arm-none-eabi/14.2.1/../../../../arm-none-eabi/lib/thumb/v6-m/nofp/libg.a(libc_a-callocr.o)
                              /Applications/ArmGNUToolchain/14.2.rel1/arm-none-eabi/bin/../lib/gcc/arm-none-eabi/14.2.1/../../../../arm-none-eabi/lib/thumb/v6-m/nofp/libg.a(libc_a-calloc.o) (_calloc_r)
/Applications/ArmGNUToolchain/14.2.rel1/arm-none-eabi/bin/../lib/gcc/arm-none-eabi/14.2.1/../../../../arm-none-eabi/lib/thumb/v6-m/nofp/libg.a(libc_a-malloc.o)
                              CMakeFiles/tiles_parallax.dir/Users/giovanni.pozzobon/Documents/pico/pico-sdk/src/rp2_common/pico_malloc/malloc.c.o (malloc)
/Applications/ArmGNUToolchain/14.2.rel1/arm-none-eabi/bin/../lib/gcc/arm-none-eabi/14.2.1/../../../../arm-none-eabi/lib/thumb/v6-m/nofp/libg.a(libc_a-mallocr.o)
                              /Applications/ArmGNUToolchain/14.2.rel1/arm-none-eabi/bin/../lib/gcc/arm-none-eabi/14.2.1/../../../../arm-none-eabi/lib/thumb/v6-m/nofp/libg.a(libc_a-callocr.o) (_malloc_r)
/Applications/ArmGNUToolchain/14.2.rel1/arm-none-eabi/bin/../lib/gcc/arm-none-eabi/14.2.1/../../../../arm-none-eabi/lib/thumb/v6-m/nofp/libg.a(libc_a-mlock.o)
                              /Applications/ArmGNUToolchain/14.2.rel1/arm-none-eabi/bin/../lib/gcc/arm-none-eabi/14.2.1/../../../../arm-none-eabi/lib/thumb/v6-m/nofp/libg.a(libc_a-mallocr.o) (__malloc_lock)
/Applications/ArmGNUToolchain/14.2.rel1/arm-none-eabi/bin/../lib/gcc/arm-none-eabi/14.2.1/../../../../arm-none-eabi/lib/thumb/v6-m/nofp/libg.a(libc_a-realloc.o)
                              CMakeFiles/tiles_parallax.dir/Users/giovanni.pozzobon/Documents/pico/pico-sdk/src/rp2_common/pico_malloc/malloc.c.o (realloc)
/Applications/ArmGNUToolchain/14.2.rel1/arm-none-eabi/bin/../lib/gcc/arm-none-eabi/14.2.1/../../../../arm-none-eabi/lib/thumb/v6-m/nofp/libg.a(libc_a-reallocr.o)
                              /Applications/ArmGNUToolchain/14.2.rel1/arm-none-eabi/bin/../lib/gcc/arm-none-eabi/14.2.1/../../../../arm-none-eabi/lib/thumb/v6-m/nofp/libg.a(libc_a-realloc.o) (_realloc_r)
/Applications/ArmGNUToolchain/14.2.rel1/arm-none-eabi/bin/../lib/gcc/arm-none-eabi/14.2.1/../../../../arm-none-eabi/lib/thumb/v6-m/nofp/libg.a(libc_a-memcmp.o)
                              CMakeFiles/tiles_parallax.dir/Users/giovanni.pozzobon/Documents/pico/pico-sdk/src/rp2_common/pico_atomic/atomic.c.o (memcmp)
/Applications/ArmGNUToolchain/14.2.rel1/arm-none-eabi/bin/../lib/gcc/arm-none-eabi/14.2.1/../../../../arm-none-eabi/lib/thumb/v6-m/nofp/libg.a(libc_a-memmove.o)
                              /Applications/ArmGNUToolchain/14.2.rel1/arm-none-eabi/bin/../lib/gcc/arm-none-eabi/14.2.1/../../../../arm-none-eabi/lib/thumb/v6-m/nofp/libg.a(libc_a-reallocr.o) (memmove)
/Applications/ArmGNUToolchain/14.2.rel1/arm-none-eabi/bin/../lib/gcc/arm-none-eabi/14.2.1/../../../../arm-none-eabi/lib/thumb/v6-m/nofp/libg.a(libc_a-lcltime_r.o)
                              CMakeFiles/tiles_parallax.dir/Users/giovanni.pozzobon/Documents/pico/pico-sdk/src/common/pico_util/datetime.c.o (localtime_r)
/Applications/ArmGNUToolchain/14.2.rel1/arm-none-eabi/bin/../lib/gcc/arm-none-eabi/14.2.1/../../../../arm-none-eabi/lib/thumb/v6-m/nofp/libg.a(libc_a-mktime.o)
                              CMakeFiles/tiles_parallax.dir/Users/giovanni.pozzobon/Documents/pico/pico-sdk/src/common/pico_util/datetime.c.o (mktime)
/Applications/ArmGNUToolchain/14.2.rel1/arm-none-eabi/bin/../lib/gcc/arm-none-eabi/14.2.1/../../../../arm-none-eabi/lib/thumb/v6-m/nofp/libg.a(libc_a-month_lengths.o)
                              /Applications/ArmGNUToolchain/14.2.rel1/arm-none-eabi/bin/../lib/gcc/arm-none-eabi/14.2.1/../../../../arm-none-eabi/lib/thumb/v6-m/nofp/libg.a(libc_a-lcltime_r.o) (__month_lengths)
/Applications/ArmGNUToolchain/14.2.rel1/arm-none-eabi/bin/../lib/gcc/arm-none-eabi/14.2.1/../../../../arm-none-eabi/lib/thumb/v6-m/nofp/libg.a(libc_a-tzcalc_limits.o)
                              /Applications/ArmGNUToolchain/14.2.rel1/arm-none-eabi/bin/../lib/gcc/arm-none-eabi/14.2.1/../../../../arm-none-eabi/lib/thumb/v6-m/nofp/libg.a(libc_a-lcltime_r.o) (__tzcalc_limits)
/Applications/ArmGNUToolchain/14.2.rel1/arm-none-eabi/bin/../lib/gcc/arm-none-eabi/14.2.1/../../../../arm-none-eabi/lib/thumb/v6-m/nofp/libg.a(libc_a-tzlock.o)
[...]
Memory Configuration

Name             Origin             Length             Attributes
FLASH            0x10000000         0x00200000         xr
RAM              0x20000000         0x00040000         xrw
SCRATCH_X        0x20040000         0x00001000         xrw
SCRATCH_Y        0x20041000         0x00001000         xrw
*default*        0x00000000         0xffffffff

Linker script and memory map

LOAD /Applications/ArmGNUToolchain/14.2.rel1/arm-none-eabi/bin/../lib/gcc/arm-none-eabi/14.2.1/thumb/v6-m/nofp/crti.o
LOAD /Applications/ArmGNUToolchain/14.2.rel1/arm-none-eabi/bin/../lib/gcc/arm-none-eabi/14.2.1/thumb/v6-m/nofp/crtbegin.o
LOAD /Applications/ArmGNUToolchain/14.2.rel1/arm-none-eabi/bin/../lib/gcc/arm-none-eabi/14.2.1/../../../../arm-none-eabi/lib/thumb/v6-m/nofp/crt0.o

.flash_begin    0x10000000        0x0
                0x10000000                        __flash_binary_start = .

.boot2          0x10000000      0x100
                0x10000000                        __boot2_start__ = .
 *(.boot2)
 .boot2         0x10000000      0x100 ../../pico-sdk/src/rp2040/boot_stage2/CMakeFiles/bs2_default_library.dir/bs2_default_padded_checksummed.S.o
                0x10000100                        __boot2_end__ = .
                0x00000001                        ASSERT (((__boot2_end__ - __boot2_start__) == 0x100), ERROR: Pico second stage bootloader must be 256 bytes in size)

.flashtext      0x10000100      0x190
                0x10000100                        __logical_binary_start = .
 *(.vectors)
 .vectors       0x10000100       0xd4 CMakeFiles/tiles_parallax.dir/Users/giovanni.pozzobon/Documents/pico/pico-sdk/src/rp2_common/pico_crt0/crt0.S.o
                0x10000100                __VECTOR_TABLE
                0x10000100                __vectors
                0x100001c0                __default_isrs_start
                0x100001c0                isr_invalid
                0x100001c2                isr_nmi
                0x100001c4                isr_hardfault
                0x100001c6                isr_svcall
                0x100001c8                isr_pendsv
                0x100001ca                isr_systick
                0x100001cc                isr_irq28
                0x100001cc                isr_irq19
                0x100001cc                isr_irq0
                0x100001cc                isr_irq6
                0x100001cc                isr_irq22
                0x100001cc                isr_irq17
                0x100001cc                isr_irq14
                0x100001cc                isr_irq2
                0x100001cc                isr_irq10
                0x100001cc                isr_irq8
                0x100001cc                isr_irq24
                0x100001cc                isr_irq1
                0x100001cc                isr_irq7
                0x100001cc                isr_irq21
                0x100001cc                isr_irq20
                0x100001cc                isr_irq15
                0x100001cc                isr_irq25
                0x100001cc                isr_irq4
                0x100001cc                isr_irq16
                0x100001cc                isr_irq29
                0x100001cc                isr_irq26
                0x100001cc                __default_isrs_end
                0x100001cc                isr_irq3
                0x100001cc                isr_irq9
                0x100001cc                __unhandled_user_irq
                0x100001cc                isr_irq13
                0x100001cc                isr_irq27
                0x100001cc                isr_irq31
                0x100001cc                isr_irq5
                0x100001cc                isr_irq11
                0x100001cc                isr_irq23
                0x100001cc                isr_irq18
                0x100001cc                isr_irq30
                0x100001cc                isr_irq12
                0x100001d2                unhandled_user_irq_num_in_r0
 *(.binary_info_header)
 .binary_info_header
                0x100001d4       0x14 CMakeFiles/tiles_parallax.dir/Users/giovanni.pozzobon/Documents/pico/pico-sdk/src/rp2_common/pico_crt0/crt0.S.o
                0x100001e8                        __binary_info_header_end = .
 *(.embedded_block)
                0x100001e8                        __embedded_block_end = .
 *(.reset)
 .reset         0x100001e8       0xa8 CMakeFiles/tiles_parallax.dir/Users/giovanni.pozzobon/Documents/pico/pico-sdk/src/rp2_common/pico_crt0/crt0.S.o
                0x100001e8                _entry_point

.rodata         0x10000290        0x0
 *(SORT_BY_ALIGNMENT(SORT_BY_NAME(.flashdata*)))
                0x10000290                        . = ALIGN (0x4)

.ARM.extab
 *(.ARM.extab* .gnu.linkonce.armextab.*)
                0x10000290                        __exidx_start = .

.ARM.exidx
 *(.ARM.exidx* .gnu.linkonce.armexidx.*)
                0x10000290                        __exidx_end = .
                0x10000290                        . = ALIGN (0x4)
                0x10000290                        __binary_info_start = .

.binary_info    0x10000290       0x28
 *(.binary_info.keep.*)
 .binary_info.keep.__bi_ptr84
                0x10000290        0x4 CMakeFiles/tiles_parallax.dir/Users/giovanni.pozzobon/Documents/pico/pico-sdk/src/rp2_common/pico_standard_binary_info/standard_binary_info.c.o
 .binary_info.keep.__bi_ptr78
                0x10000294        0x4 CMakeFiles/tiles_parallax.dir/Users/giovanni.pozzobon/Documents/pico/pico-sdk/src/rp2_common/pico_standard_binary_info/standard_binary_info.c.o
 .binary_info.keep.__bi_ptr54
                0x10000298        0x4 CMakeFiles/tiles_parallax.dir/Users/giovanni.pozzobon/Documents/pico/pico-sdk/src/rp2_common/pico_standard_binary_info/standard_binary_info.c.o
 .binary_info.keep.__bi_ptr48
                0x1000029c        0x4 CMakeFiles/tiles_parallax.dir/Users/giovanni.pozzobon/Documents/pico/pico-sdk/src/rp2_common/pico_standard_binary_info/standard_binary_info.c.o
 .binary_info.keep.__bi_ptr42
                0x100002a0        0x4 CMakeFiles/tiles_parallax.dir/Users/giovanni.pozzobon/Documents/pico/pico-sdk/src/rp2_common/pico_standard_binary_info/standard_binary_info.c.o
 .binary_info.keep.__bi_ptr34
                0x100002a4        0x4 CMakeFiles/tiles_parallax.dir/Users/giovanni.pozzobon/Documents/pico/pico-sdk/src/rp2_common/pico_standard_binary_info/standard_binary_info.c.o
 .binary_info.keep.__bi_ptr26
                0x100002a8        0x4 CMakeFiles/tiles_parallax.dir/Users/giovanni.pozzobon/Documents/pico/pico-sdk/src/rp2_common/pico_standard_binary_info/standard_binary_info.c.o
 *(.binary_info.*)
 .binary_info.__bi_ptr50
                0x100002ac        0x4 CMakeFiles/tiles_parallax.dir/Users/giovanni.pozzobon/Documents/pico/pico-sdk/src/rp2_common/pico_stdio_uart/stdio_uart.c.o
 .binary_info.__bi_ptr49
                0x100002b0        0x4 CMakeFiles/tiles_parallax.dir/Users/giovanni.pozzobon/Documents/pico/pico-sdk/src/rp2_common/pico_stdio_uart/stdio_uart.c.o
 .binary_info.__bi_ptr45
                0x100002b4        0x4 CMakeFiles/tiles_parallax.dir/Users/giovanni.pozzobon/Documents/pico/pico-sdk/src/rp2_common/pico_stdio_uart/stdio_uart.c.o
                0x100002b8                        __binary_info_end = .
                0x100002b8                        . = ALIGN (0x4)

.ram_vector_table
                0x20000000       0xc0
 *(.ram_vector_table)
 .ram_vector_table
                0x20000000       0xc0 CMakeFiles/tiles_parallax.dir/Users/giovanni.pozzobon/Documents/pico/pico-sdk/src/rp2_common/pico_runtime_init/runtime_init.c.o
                0x20000000                ram_vector_table

.uninitialized_data
                0x200000c0        0x0
                0x200000c0                        . = ALIGN (0x4)
 *(.uninitialized_data*)

.text           0x200000c0     0x39d0 load address 0x100002b8
                0x200000c0                        __ram_text_start__ = .
 *(.init)
 .init          0x200000c0        0x4 /Applications/ArmGNUToolchain/14.2.rel1/arm-none-eabi/bin/../lib/gcc/arm-none-eabi/14.2.1/thumb/v6-m/nofp/crti.o
                0x200000c0                _init
 *(.text*)
 .text.register_tm_clones
                0x200000c4       0x28 /Applications/ArmGNUToolchain/14.2.rel1/arm-none-eabi/bin/../lib/gcc/arm-none-eabi/14.2.1/thumb/v6-m/nofp/crtbegin.o
 .text.frame_dummy
                0x200000ec       0x24 /Applications/ArmGNUToolchain/14.2.rel1/arm-none-eabi/bin/../lib/gcc/arm-none-eabi/14.2.1/thumb/v6-m/nofp/crtbegin.o
 .text.core1_main
                0x20000110       0x6c CMakeFiles/tiles_parallax.dir/main.c.o
                0x20000110                core1_main
 .text.startup.main
                0x2000017c       0xfc CMakeFiles/tiles_parallax.dir/main.c.o
                0x2000017c                main
 .text.setup_default_uart
                0x20000278        0x8 CMakeFiles/tiles_parallax.dir/Users/giovanni.pozzobon/Documents/pico/pico-sdk/src/rp2_common/pico_stdlib/stdlib.c.o
                0x20000278                setup_default_uart
 .text.gpio_set_function
                0x20000280       0x34 CMakeFiles/tiles_parallax.dir/Users/giovanni.pozzobon/Documents/pico/pico-sdk/src/rp2_common/hardware_gpio/gpio.c.o
                0x20000280                gpio_set_function
 .text.gpio_set_outover
                0x200002b4       0x24 CMakeFiles/tiles_parallax.dir/Users/giovanni.pozzobon/Documents/pico/pico-sdk/src/rp2_common/hardware_gpio/gpio.c.o
                0x200002b4                gpio_set_outover
 .text.gpio_init
                0x200002d8       0x40 CMakeFiles/tiles_parallax.dir/Users/giovanni.pozzobon/Documents/pico/pico-sdk/src/rp2_common/hardware_gpio/gpio.c.o
                0x200002d8                gpio_init
 .text.panic    0x20000318       0x30 CMakeFiles/tiles_parallax.dir/Users/giovanni.pozzobon/Documents/pico/pico-sdk/src/rp2_common/pico_platform_panic/panic.c.o
                0x20000318                panic
 .text.hw_claim_lock
                0x20000348       0x18 CMakeFiles/tiles_parallax.dir/Users/giovanni.pozzobon/Documents/pico/pico-sdk/src/common/hardware_claim/claim.c.o
                0x20000348                hw_claim_lock
 .text.hw_claim_unlock
                0x20000360       0x14 CMakeFiles/tiles_parallax.dir/Users/giovanni.pozzobon/Documents/pico/pico-sdk/src/common/hardware_claim/claim.c.o
                0x20000360                hw_claim_unlock
 .text.hw_claim_or_assert
                0x20000374       0x44 CMakeFiles/tiles_parallax.dir/Users/giovanni.pozzobon/Documents/pico/pico-sdk/src/common/hardware_claim/claim.c.o
                0x20000374                hw_claim_or_assert
 .text.hw_claim_unused_from_range
                0x200003b8       0x88 CMakeFiles/tiles_parallax.dir/Users/giovanni.pozzobon/Documents/pico/pico-sdk/src/common/hardware_claim/claim.c.o
                0x200003b8                hw_claim_unused_from_range
 .text.next_striped_spin_lock_num
                0x20000440       0x18 CMakeFiles/tiles_parallax.dir/Users/giovanni.pozzobon/Documents/pico/pico-sdk/src/rp2_common/hardware_sync/sync.c.o
                0x20000440                next_striped_spin_lock_num
 .text.spin_locks_reset
                0x20000458       0x1c CMakeFiles/tiles_parallax.dir/Users/giovanni.pozzobon/Documents/pico/pico-sdk/src/rp2_common/hardware_sync_spin_lock/sync_spin_lock.c.o
                0x20000458                spin_locks_reset
 .text.runtime_init_per_core_irq_priorities
                0x20000474       0x24 CMakeFiles/tiles_parallax.dir/Users/giovanni.pozzobon/Documents/pico/pico-sdk/src/rp2_common/hardware_irq/irq.c.o
                0x20000474                runtime_init_per_core_irq_priorities
 .text.irq_set_enabled
                0x20000498       0x24 CMakeFiles/tiles_parallax.dir/Users/giovanni.pozzobon/Documents/pico/pico-sdk/src/rp2_common/hardware_irq/irq.c.o
                0x20000498                irq_set_enabled
 .text.irq_is_enabled
                0x200004bc       0x18 CMakeFiles/tiles_parallax.dir/Users/giovanni.pozzobon/Documents/pico/pico-sdk/src/rp2_common/hardware_irq/irq.c.o
                0x200004bc                irq_is_enabled
 .text.irq_set_exclusive_handler
                0x200004d4       0x54 CMakeFiles/tiles_parallax.dir/Users/giovanni.pozzobon/Documents/pico/pico-sdk/src/rp2_common/hardware_irq/irq.c.o
                0x200004d4                irq_set_exclusive_handler
 .text.irq_remove_handler
                0x20000528      0x1d4 CMakeFiles/tiles_parallax.dir/Users/giovanni.pozzobon/Documents/pico/pico-sdk/src/rp2_common/hardware_irq/irq.c.o
                0x20000528                irq_remove_handler
 .text.irq_add_tail_to_free_list
                0x200006fc       0xb4 CMakeFiles/tiles_parallax.dir/Users/giovanni.pozzobon/Documents/pico/pico-sdk/src/rp2_common/hardware_irq/irq.c.o
                0x200006fc                irq_add_tail_to_free_list
 .text.lock_init
                0x200007b0       0x10 CMakeFiles/tiles_parallax.dir/Users/giovanni.pozzobon/Documents/pico/pico-sdk/src/common/pico_sync/lock_core.c.o
                0x200007b0                lock_init
 .text.runtime_init_mutex
                0x200007c0       0x50 CMakeFiles/tiles_parallax.dir/Users/giovanni.pozzobon/Documents/pico/pico-sdk/src/common/pico_sync/mutex.c.o
                0x200007c0                runtime_init_mutex
 .text.sleep_until_callback
                0x20000810       0x30 CMakeFiles/tiles_parallax.dir/Users/giovanni.pozzobon/Documents/pico/pico-sdk/src/common/pico_time/time.c.o
 .text.alarm_pool_irq_handler
                0x20000840      0x300 CMakeFiles/tiles_parallax.dir/Users/giovanni.pozzobon/Documents/pico/pico-sdk/src/common/pico_time/time.c.o
 .text.runtime_init_default_alarm_pool
                0x20000b40       0xdc CMakeFiles/tiles_parallax.dir/Users/giovanni.pozzobon/Documents/pico/pico-sdk/src/common/pico_time/time.c.o
                0x20000b40                runtime_init_default_alarm_pool
 .text.alarm_pool_add_alarm_at_force_in_context
                0x20000c1c       0xb0 CMakeFiles/tiles_parallax.dir/Users/giovanni.pozzobon/Documents/pico/pico-sdk/src/common/pico_time/time.c.o
                0x20000c1c                alarm_pool_add_alarm_at_force_in_context
 .text.alarm_pool_cancel_alarm
                0x20000ccc       0x74 CMakeFiles/tiles_parallax.dir/Users/giovanni.pozzobon/Documents/pico/pico-sdk/src/common/pico_time/time.c.o
                0x20000ccc                alarm_pool_cancel_alarm
 .text.sleep_ms
                0x20000d40       0xfc CMakeFiles/tiles_parallax.dir/Users/giovanni.pozzobon/Documents/pico/pico-sdk/src/common/pico_time/time.c.o
                0x20000d40                sleep_ms
 .text.best_effort_wfe_or_timeout
                0x20000e3c      0x10c CMakeFiles/tiles_parallax.dir/Users/giovanni.pozzobon/Documents/pico/pico-sdk/src/common/pico_time/time.c.o
                0x20000e3c                best_effort_wfe_or_timeout
 .text.timer_hardware_alarm_claim
                0x20000f48       0x14 CMakeFiles/tiles_parallax.dir/Users/giovanni.pozzobon/Documents/pico/pico-sdk/src/rp2_common/hardware_timer/timer.c.o
                0x20000f48                timer_hardware_alarm_claim
 .text.timer_time_us_64
                0x20000f5c       0x10 CMakeFiles/tiles_parallax.dir/Users/giovanni.pozzobon/Documents/pico/pico-sdk/src/rp2_common/hardware_timer/timer.c.o
                0x20000f5c                timer_time_us_64
 .text.time_us_64
                0x20000f6c       0x14 CMakeFiles/tiles_parallax.dir/Users/giovanni.pozzobon/Documents/pico/pico-sdk/src/rp2_common/hardware_timer/timer.c.o
                0x20000f6c                time_us_64
 .text.busy_wait_us
                0x20000f80       0x68 CMakeFiles/tiles_parallax.dir/Users/giovanni.pozzobon/Documents/pico/pico-sdk/src/rp2_common/hardware_timer/timer.c.o
                0x20000f80                busy_wait_us
 .text.busy_wait_until
                0x20000fe8       0x20 CMakeFiles/tiles_parallax.dir/Users/giovanni.pozzobon/Documents/pico/pico-sdk/src/rp2_common/hardware_timer/timer.c.o
                0x20000fe8                busy_wait_until
 .text.queue_init_with_spinlock
                0x20001008       0x24 CMakeFiles/tiles_parallax.dir/Users/giovanni.pozzobon/Documents/pico/pico-sdk/src/common/pico_util/queue.c.o
                0x20001008                queue_init_with_spinlock
 .text.queue_add_blocking
                0x2000102c       0x70 CMakeFiles/tiles_parallax.dir/Users/giovanni.pozzobon/Documents/pico/pico-sdk/src/common/pico_util/queue.c.o
                0x2000102c                queue_add_blocking
 .text.queue_remove_blocking
                0x2000109c       0x78 CMakeFiles/tiles_parallax.dir/Users/giovanni.pozzobon/Documents/pico/pico-sdk/src/common/pico_util/queue.c.o
                0x2000109c                queue_remove_blocking
 .text.uart_init
                0x20001114      0x120 CMakeFiles/tiles_parallax.dir/Users/giovanni.pozzobon/Documents/pico/pico-sdk/src/rp2_common/hardware_uart/uart.c.o
                0x20001114                uart_init
 .text.clock_configure_int_divider
                0x20001234       0xf4 CMakeFiles/tiles_parallax.dir/Users/giovanni.pozzobon/Documents/pico/pico-sdk/src/rp2_common/hardware_clocks/clocks.c.o
                0x20001234                clock_configure_int_divider
 .text.clock_configure_undivided
                0x20001328       0xe8 CMakeFiles/tiles_parallax.dir/Users/giovanni.pozzobon/Documents/pico/pico-sdk/src/rp2_common/hardware_clocks/clocks.c.o
                0x20001328                clock_configure_undivided
 .text.clock_get_hz
                0x20001410        0xc CMakeFiles/tiles_parallax.dir/Users/giovanni.pozzobon/Documents/pico/pico-sdk/src/rp2_common/hardware_clocks/clocks.c.o
                0x20001410                clock_get_hz
 .text.set_sys_clock_pll
                0x2000141c      0x1b8 CMakeFiles/tiles_parallax.dir/Users/giovanni.pozzobon/Documents/pico/pico-sdk/src/rp2_common/hardware_clocks/clocks.c.o
                0x2000141c                set_sys_clock_pll
 .text.check_sys_clock_khz
                0x200015d4      0x26c CMakeFiles/tiles_parallax.dir/Users/giovanni.pozzobon/Documents/pico/pico-sdk/src/rp2_common/hardware_clocks/clocks.c.o
                0x200015d4                check_sys_clock_khz
 .text.pll_init
                0x20001840       0xa4 CMakeFiles/tiles_parallax.dir/Users/giovanni.pozzobon/Documents/pico/pico-sdk/src/rp2_common/hardware_pll/pll.c.o
                0x20001840                pll_init
 .text.vreg_set_voltage
                0x200018e4       0x1c CMakeFiles/tiles_parallax.dir/Users/giovanni.pozzobon/Documents/pico/pico-sdk/src/rp2_common/hardware_vreg/vreg.c.o
                0x200018e4                vreg_set_voltage
 .text.tick_start
                0x20001900       0x10 CMakeFiles/tiles_parallax.dir/Users/giovanni.pozzobon/Documents/pico/pico-sdk/src/rp2_common/hardware_ticks/ticks.c.o
                0x20001900                tick_start
 .text.rom_func_lookup
                0x20001910       0x10 CMakeFiles/tiles_parallax.dir/Users/giovanni.pozzobon/Documents/pico/pico-sdk/src/rp2_common/pico_bootrom/bootrom.c.o
                0x20001910                rom_func_lookup
 .text.rom_data_lookup
                0x20001920       0x10 CMakeFiles/tiles_parallax.dir/Users/giovanni.pozzobon/Documents/pico/pico-sdk/src/rp2_common/pico_bootrom/bootrom.c.o
                0x20001920                rom_data_lookup
 .text.rom_funcs_lookup
                0x20001930       0x44 CMakeFiles/tiles_parallax.dir/Users/giovanni.pozzobon/Documents/pico/pico-sdk/src/rp2_common/pico_bootrom/bootrom.c.o
                0x20001930                rom_funcs_lookup
 .text.xosc_init
                0x20001974       0x28 CMakeFiles/tiles_parallax.dir/Users/giovanni.pozzobon/Documents/pico/pico-sdk/src/rp2_common/hardware_xosc/xosc.c.o
                0x20001974                xosc_init
 .text.first_per_core_initializer
                0x2000199c        0x4 CMakeFiles/tiles_parallax.dir/Users/giovanni.pozzobon/Documents/pico/pico-sdk/src/rp2_common/pico_runtime/runtime.c.o
 .text.hard_assertion_failure
                0x200019a0        0xc CMakeFiles/tiles_parallax.dir/Users/giovanni.pozzobon/Documents/pico/pico-sdk/src/rp2_common/pico_runtime/runtime.c.o
                0x200019a0                hard_assertion_failure
 .text.runtime_run_initializers
                0x200019ac       0x28 CMakeFiles/tiles_parallax.dir/Users/giovanni.pozzobon/Documents/pico/pico-sdk/src/rp2_common/pico_runtime/runtime.c.o
                0x200019ac                runtime_run_initializers
 .text.runtime_run_per_core_initializers
                0x200019d4       0x28 CMakeFiles/tiles_parallax.dir/Users/giovanni.pozzobon/Documents/pico/pico-sdk/src/rp2_common/pico_runtime/runtime.c.o
                0x200019d4                runtime_run_per_core_initializers
 .text.runtime_init_early_resets
                0x200019fc       0x2c CMakeFiles/tiles_parallax.dir/Users/giovanni.pozzobon/Documents/pico/pico-sdk/src/rp2_common/pico_runtime_init/runtime_init.c.o
                0x200019fc                runtime_init_early_resets
 .text.runtime_init_usb_power_down
                0x20001a28       0x1c CMakeFiles/tiles_parallax.dir/Users/giovanni.pozzobon/Documents/pico/pico-sdk/src/rp2_common/pico_runtime_init/runtime_init.c.o
                0x20001a28                runtime_init_usb_power_down
 .text.runtime_init_post_clock_resets
                0x20001a44       0x20 CMakeFiles/tiles_parallax.dir/Users/giovanni.pozzobon/Documents/pico/pico-sdk/src/rp2_common/pico_runtime_init/runtime_init.c.o
                0x20001a44                runtime_init_post_clock_resets
 .text.runtime_init_rp2040_gpio_ie_disable
                0x20001a64       0x14 CMakeFiles/tiles_parallax.dir/Users/giovanni.pozzobon/Documents/pico/pico-sdk/src/rp2_common/pico_runtime_init/runtime_init.c.o
                0x20001a64                runtime_init_rp2040_gpio_ie_disable
 .text.runtime_init_spin_locks_reset
                0x20001a78        0x8 CMakeFiles/tiles_parallax.dir/Users/giovanni.pozzobon/Documents/pico/pico-sdk/src/rp2_common/pico_runtime_init/runtime_init.c.o
                0x20001a78                runtime_init_spin_locks_reset
 .text.runtime_init_install_ram_vector_table
                0x20001a80       0x1c CMakeFiles/tiles_parallax.dir/Users/giovanni.pozzobon/Documents/pico/pico-sdk/src/rp2_common/pico_runtime_init/runtime_init.c.o
                0x20001a80                runtime_init_install_ram_vector_table
 .text.runtime_init_clocks
                0x20001a9c       0xd8 CMakeFiles/tiles_parallax.dir/Users/giovanni.pozzobon/Documents/pico/pico-sdk/src/rp2_common/pico_runtime_init/runtime_init_clocks.c.o
                0x20001a9c                runtime_init_clocks
 .text          0x20001b74       0x10 CMakeFiles/tiles_parallax.dir/Users/giovanni.pozzobon/Documents/pico/pico-sdk/src/rp2_common/pico_bit_ops/bit_ops_aeabi.S.o
 .text.ctzsi    0x20001b84        0xc CMakeFiles/tiles_parallax.dir/Users/giovanni.pozzobon/Documents/pico/pico-sdk/src/rp2_common/pico_bit_ops/bit_ops_aeabi.S.o
                0x20001b84                __wrap___ctzsi2
 .text.__wrap___aeabi_uidiv
                0x20001b90       0x4c CMakeFiles/tiles_parallax.dir/Users/giovanni.pozzobon/Documents/pico/pico-sdk/src/rp2_common/pico_divider/divider_hardware.S.o
                0x20001b90                __wrap___aeabi_uidiv
                0x20001b90                __wrap___aeabi_uidivmod
                0x20001b90                div_u32u32
                0x20001b90                divmod_u32u32
                0x20001b98                divmod_u32u32_unsafe
                0x20001bc0                divmod_u32u32_savestate
 .text.__aeabi_double_init
                0x20001bdc       0xa4 CMakeFiles/tiles_parallax.dir/Users/giovanni.pozzobon/Documents/pico/pico-sdk/src/rp2_common/pico_double/double_init_rom_rp2040.c.o
                0x20001bdc                __aeabi_double_init
 .text.double_table_shim_on_use_helper
                0x20001c80       0x2c CMakeFiles/tiles_parallax.dir/Users/giovanni.pozzobon/Documents/pico/pico-sdk/src/rp2_common/pico_double/double_v1_rom_shim_rp2040.S.o
                0x20001c80                double_table_shim_on_use_helper
 .text.__aeabi_lmul
                0x20001cac       0x32 CMakeFiles/tiles_parallax.dir/Users/giovanni.pozzobon/Documents/pico/pico-sdk/src/rp2_common/pico_int64_ops/pico_int64_ops_aeabi.S.o
                0x20001cac                __wrap___aeabi_lmul
 *fill*         0x20001cde        0x2 
 .text.__aeabi_float_init
                0x20001ce0       0x64 CMakeFiles/tiles_parallax.dir/Users/giovanni.pozzobon/Documents/pico/pico-sdk/src/rp2_common/pico_float/float_init_rom_rp2040.c.o
                0x20001ce0                __aeabi_float_init
 .text.float_table_shim_on_use_helper
                0x20001d44       0x2c CMakeFiles/tiles_parallax.dir/Users/giovanni.pozzobon/Documents/pico/pico-sdk/src/rp2_common/pico_float/float_v1_rom_shim_rp2040.S.o
                0x20001d44                float_table_shim_on_use_helper
 .text.__wrap_malloc
                0x20001d70       0x3c CMakeFiles/tiles_parallax.dir/Users/giovanni.pozzobon/Documents/pico/pico-sdk/src/rp2_common/pico_malloc/malloc.c.o
                0x20001d70                __wrap_malloc
 .text.__wrap_calloc
                0x20001dac       0x44 CMakeFiles/tiles_parallax.dir/Users/giovanni.pozzobon/Documents/pico/pico-sdk/src/rp2_common/pico_malloc/malloc.c.o
                0x20001dac                __wrap_calloc
 .text          0x20001df0       0x10 CMakeFiles/tiles_parallax.dir/Users/giovanni.pozzobon/Documents/pico/pico-sdk/src/rp2_common/pico_mem_ops/mem_ops_aeabi.S.o
                0x20001df0                __aeabi_mem_init
 .text.memset   0x20001e00        0xc CMakeFiles/tiles_parallax.dir/Users/giovanni.pozzobon/Documents/pico/pico-sdk/src/rp2_common/pico_mem_ops/mem_ops_aeabi.S.o
                0x20001e00                __wrap_memset
 .text.memcpy   0x20001e0c        0xc CMakeFiles/tiles_parallax.dir/Users/giovanni.pozzobon/Documents/pico/pico-sdk/src/rp2_common/pico_mem_ops/mem_ops_aeabi.S.o
                0x20001e0c                __wrap___aeabi_memcpy
                0x20001e0c                __wrap_memcpy
 .text._out_char
                0x20001e18       0x10 CMakeFiles/tiles_parallax.dir/Users/giovanni.pozzobon/Documents/pico/pico-sdk/src/rp2_common/pico_printf/printf.c.o
 .text.weak_raw_vprintf
                0x20001e28       0x30 CMakeFiles/tiles_parallax.dir/Users/giovanni.pozzobon/Documents/pico/pico-sdk/src/rp2_common/pico_printf/printf.c.o
                0x20001e28                weak_raw_vprintf
 .text._exit    0x20001e58        0x4 CMakeFiles/tiles_parallax.dir/Users/giovanni.pozzobon/Documents/pico/pico-sdk/src/rp2_common/pico_clib_interface/newlib_interface.c.o
                0x20001e58                _exit
 .text._sbrk    0x20001e5c       0x34 CMakeFiles/tiles_parallax.dir/Users/giovanni.pozzobon/Documents/pico/pico-sdk/src/rp2_common/pico_clib_interface/newlib_interface.c.o
                0x20001e5c                _sbrk
 .text.exit     0x20001e90        0x8 CMakeFiles/tiles_parallax.dir/Users/giovanni.pozzobon/Documents/pico/pico-sdk/src/rp2_common/pico_clib_interface/newlib_interface.c.o
                0x20001e90                exit
 .text.runtime_init
                0x20001e98       0x2c CMakeFiles/tiles_parallax.dir/Users/giovanni.pozzobon/Documents/pico/pico-sdk/src/rp2_common/pico_clib_interface/newlib_interface.c.o
                0x20001e98                runtime_init
 .text.stdio_out_chars_no_crlf
                0x20001ec4       0x10 CMakeFiles/tiles_parallax.dir/Users/giovanni.pozzobon/Documents/pico/pico-sdk/src/rp2_common/pico_stdio/stdio.c.o
 .text.stdio_out_chars_crlf
                0x20001ed4       0xb0 CMakeFiles/tiles_parallax.dir/Users/giovanni.pozzobon/Documents/pico/pico-sdk/src/rp2_common/pico_stdio/stdio.c.o
 .text.stdio_put_string
                0x20001f84       0xfc CMakeFiles/tiles_parallax.dir/Users/giovanni.pozzobon/Documents/pico/pico-sdk/src/rp2_common/pico_stdio/stdio.c.o
                0x20001f84                stdio_put_string
 .text.stdio_set_driver_enabled
                0x20002080       0x30 CMakeFiles/tiles_parallax.dir/Users/giovanni.pozzobon/Documents/pico/pico-sdk/src/rp2_common/pico_stdio/stdio.c.o
                0x20002080                stdio_set_driver_enabled
 .text.__wrap_putchar
                0x200020b0       0x94 CMakeFiles/tiles_parallax.dir/Users/giovanni.pozzobon/Documents/pico/pico-sdk/src/rp2_common/pico_stdio/stdio.c.o
                0x200020b0                stdio_putchar
                0x200020b0                __wrap_putchar
 .text.__wrap_puts
                0x20002144       0x3c CMakeFiles/tiles_parallax.dir/Users/giovanni.pozzobon/Documents/pico/pico-sdk/src/rp2_common/pico_stdio/stdio.c.o
                0x20002144                __wrap_puts
                0x20002144                stdio_puts
 .text.stdio_uart_out_chars
                0x20002180       0x4c CMakeFiles/tiles_parallax.dir/Users/giovanni.pozzobon/Documents/pico/pico-sdk/src/rp2_common/pico_stdio_uart/stdio_uart.c.o
 .text.stdio_uart_in_chars
                0x200021cc       0x90 CMakeFiles/tiles_parallax.dir/Users/giovanni.pozzobon/Documents/pico/pico-sdk/src/rp2_common/pico_stdio_uart/stdio_uart.c.o
                0x200021cc                stdio_uart_in_chars
 .text.on_uart_rx
                0x2000225c       0x28 CMakeFiles/tiles_parallax.dir/Users/giovanni.pozzobon/Documents/pico/pico-sdk/src/rp2_common/pico_stdio_uart/stdio_uart.c.o
 .text.stdio_uart_out_flush
                0x20002284       0x14 CMakeFiles/tiles_parallax.dir/Users/giovanni.pozzobon/Documents/pico/pico-sdk/src/rp2_common/pico_stdio_uart/stdio_uart.c.o
 .text.stdio_uart_set_chars_available_callback
                0x20002298       0x84 CMakeFiles/tiles_parallax.dir/Users/giovanni.pozzobon/Documents/pico/pico-sdk/src/rp2_common/pico_stdio_uart/stdio_uart.c.o
 .text.stdio_uart_init
                0x2000231c       0x50 CMakeFiles/tiles_parallax.dir/Users/giovanni.pozzobon/Documents/pico/pico-sdk/src/rp2_common/pico_stdio_uart/stdio_uart.c.o
                0x2000231c                stdio_uart_init
 .text.core1_trampoline
                0x2000236c        0x4 CMakeFiles/tiles_parallax.dir/Users/giovanni.pozzobon/Documents/pico/pico-sdk/src/rp2_common/pico_multicore/multicore.c.o
 .text.core1_wrapper
                0x20002370        0xc CMakeFiles/tiles_parallax.dir/Users/giovanni.pozzobon/Documents/pico/pico-sdk/src/rp2_common/pico_multicore/multicore.c.o
                0x20002370                core1_wrapper
 .text.multicore_launch_core1_raw
                0x2000237c       0x8c CMakeFiles/tiles_parallax.dir/Users/giovanni.pozzobon/Documents/pico/pico-sdk/src/rp2_common/pico_multicore/multicore.c.o
                0x2000237c                multicore_launch_core1_raw
 .text.multicore_launch_core1
                0x20002408       0x58 CMakeFiles/tiles_parallax.dir/Users/giovanni.pozzobon/Documents/pico/pico-sdk/src/rp2_common/pico_multicore/multicore.c.o
                0x20002408                multicore_launch_core1
 .text.dvi_init
                0x20002460      0x1a4 CMakeFiles/tiles_parallax.dir/__/__/libdvi/dvi.c.o
                0x20002460                dvi_init
 .text.dvi_register_irqs_this_core
                0x20002604       0x9c CMakeFiles/tiles_parallax.dir/__/__/libdvi/dvi.c.o
                0x20002604                dvi_register_irqs_this_core
 .text.dvi_start
                0x200026a0       0xdc CMakeFiles/tiles_parallax.dir/__/__/libdvi/dvi.c.o
                0x200026a0                dvi_start
 .text.dvi_serialiser_init
                0x2000277c      0x1d8 CMakeFiles/tiles_parallax.dir/__/__/libdvi/dvi_serialiser.c.o
                0x2000277c                dvi_serialiser_init
 .text.dvi_serialiser_enable
                0x20002954       0x94 CMakeFiles/tiles_parallax.dir/__/__/libdvi/dvi_serialiser.c.o
                0x20002954                dvi_serialiser_enable
 .text.dvi_timing_state_init
                0x200029e8        0x8 CMakeFiles/tiles_parallax.dir/__/__/libdvi/dvi_timing.c.o
                0x200029e8                dvi_timing_state_init
 .text.dvi_setup_scanline_for_vblank
                0x200029f0      0x12c CMakeFiles/tiles_parallax.dir/__/__/libdvi/dvi_timing.c.o
                0x200029f0                dvi_setup_scanline_for_vblank
 .text.dvi_setup_scanline_for_active
                0x20002b1c      0x1dc CMakeFiles/tiles_parallax.dir/__/__/libdvi/dvi_timing.c.o
                0x20002b1c                dvi_setup_scanline_for_active
 .text.dma_claim_unused_channel
                0x20002cf8       0x24 CMakeFiles/tiles_parallax.dir/Users/giovanni.pozzobon/Documents/pico/pico-sdk/src/rp2_common/hardware_dma/dma.c.o
                0x20002cf8                dma_claim_unused_channel
 .text.interp_save
                0x20002d1c       0x20 CMakeFiles/tiles_parallax.dir/Users/giovanni.pozzobon/Documents/pico/pico-sdk/src/rp2_common/hardware_interp/interp.c.o
                0x20002d1c                interp_save
 .text.interp_restore
                0x20002d3c       0x20 CMakeFiles/tiles_parallax.dir/Users/giovanni.pozzobon/Documents/pico/pico-sdk/src/rp2_common/hardware_interp/interp.c.o
                0x20002d3c                interp_restore
 .text.pio_sm_claim
                0x20002d5c       0x30 CMakeFiles/tiles_parallax.dir/Users/giovanni.pozzobon/Documents/pico/pico-sdk/src/rp2_common/hardware_pio/pio.c.o
                0x20002d5c                pio_sm_claim
 .text.pio_add_program
                0x20002d8c       0xf8 CMakeFiles/tiles_parallax.dir/Users/giovanni.pozzobon/Documents/pico/pico-sdk/src/rp2_common/hardware_pio/pio.c.o
                0x20002d8c                pio_add_program
 .text.pio_sm_set_pins_with_mask
                0x20002e84       0xa8 CMakeFiles/tiles_parallax.dir/Users/giovanni.pozzobon/Documents/pico/pico-sdk/src/rp2_common/hardware_pio/pio.c.o
                0x20002e84                pio_sm_set_pins_with_mask
 .text.pio_sm_set_pindirs_with_mask
                0x20002f2c       0xac CMakeFiles/tiles_parallax.dir/Users/giovanni.pozzobon/Documents/pico/pico-sdk/src/rp2_common/hardware_pio/pio.c.o
                0x20002f2c                pio_sm_set_pindirs_with_mask
 .text.pio_sm_init
                0x20002fd8       0x9c CMakeFiles/tiles_parallax.dir/Users/giovanni.pozzobon/Documents/pico/pico-sdk/src/rp2_common/hardware_pio/pio.c.o
                0x20002fd8                pio_sm_init
 .text          0x20003074        0x4 /Applications/ArmGNUToolchain/14.2.rel1/arm-none-eabi/bin/../lib/gcc/arm-none-eabi/14.2.1/thumb/v6-m/nofp/libgcc.a(_dvmd_tls.o)
                0x20003074                __aeabi_ldiv0
                0x20003074                __aeabi_idiv0
 .text.calloc   0x20003078       0x18 /Applications/ArmGNUToolchain/14.2.rel1/arm-none-eabi/bin/../lib/gcc/arm-none-eabi/14.2.1/../../../../arm-none-eabi/lib/thumb/v6-m/nofp/libg.a(libc_a-calloc.o)
                0x20003078                calloc
 .text._calloc_r
                0x20003090       0xa8 /Applications/ArmGNUToolchain/14.2.rel1/arm-none-eabi/bin/../lib/gcc/arm-none-eabi/14.2.1/../../../../arm-none-eabi/lib/thumb/v6-m/nofp/libg.a(libc_a-callocr.o)
                0x20003090                _calloc_r
 .text.malloc   0x20003138       0x14 /Applications/ArmGNUToolchain/14.2.rel1/arm-none-eabi/bin/../lib/gcc/arm-none-eabi/14.2.1/../../../../arm-none-eabi/lib/thumb/v6-m/nofp/libg.a(libc_a-malloc.o)
                0x20003138                malloc
 .text._malloc_r
                0x2000314c      0x5cc /Applications/ArmGNUToolchain/14.2.rel1/arm-none-eabi/bin/../lib/gcc/arm-none-eabi/14.2.1/../../../../arm-none-eabi/lib/thumb/v6-m/nofp/libg.a(libc_a-mallocr.o)
                0x2000314c                _malloc_r
 .text.__malloc_lock
                0x20003718       0x10 /Applications/ArmGNUToolchain/14.2.rel1/arm-none-eabi/bin/../lib/gcc/arm-none-eabi/14.2.1/../../../../arm-none-eabi/lib/thumb/v6-m/nofp/libg.a(libc_a-mlock.o)
                0x20003718                __malloc_lock
 .text.__malloc_unlock
                0x20003728       0x10 /Applications/ArmGNUToolchain/14.2.rel1/arm-none-eabi/bin/../lib/gcc/arm-none-eabi/14.2.1/../../../../arm-none-eabi/lib/thumb/v6-m/nofp/libg.a(libc_a-mlock.o)
                0x20003728                __malloc_unlock
 .text._sbrk_r  0x20003738       0x24 /Applications/ArmGNUToolchain/14.2.rel1/arm-none-eabi/bin/../lib/gcc/arm-none-eabi/14.2.1/../../../../arm-none-eabi/lib/thumb/v6-m/nofp/libg.a(libc_a-sbrkr.o)
                0x20003738                _sbrk_r
 .text.__errno  0x2000375c        0xc /Applications/ArmGNUToolchain/14.2.rel1/arm-none-eabi/bin/../lib/gcc/arm-none-eabi/14.2.1/../../../../arm-none-eabi/lib/thumb/v6-m/nofp/libg.a(libc_a-errno.o)
                0x2000375c                __errno
 .text.sysconf  0x20003768       0x1c /Applications/ArmGNUToolchain/14.2.rel1/arm-none-eabi/bin/../lib/gcc/arm-none-eabi/14.2.1/../../../../arm-none-eabi/lib/thumb/v6-m/nofp/libg.a(libc_a-sysconf.o)
                0x20003768                sysconf
 .text.__retarget_lock_acquire_recursive
                0x20003784        0x4 /Applications/ArmGNUToolchain/14.2.rel1/arm-none-eabi/bin/../lib/gcc/arm-none-eabi/14.2.1/../../../../arm-none-eabi/lib/thumb/v6-m/nofp/libg.a(libc_a-lock.o)
                0x20003784                __retarget_lock_acquire_recursive
 .text.__retarget_lock_release_recursive
                0x20003788        0x4 /Applications/ArmGNUToolchain/14.2.rel1/arm-none-eabi/bin/../lib/gcc/arm-none-eabi/14.2.1/../../../../arm-none-eabi/lib/thumb/v6-m/nofp/libg.a(libc_a-lock.o)
                0x20003788                __retarget_lock_release_recursive
 .text.strlen   0x2000378c       0x5c /Applications/ArmGNUToolchain/14.2.rel1/arm-none-eabi/bin/../lib/gcc/arm-none-eabi/14.2.1/../../../../arm-none-eabi/lib/thumb/v6-m/nofp/libg.a(libc_a-strlen-stub.o)
                0x2000378c                strlen
 .text._malloc_trim_r
                0x200037e8       0xb4 /Applications/ArmGNUToolchain/14.2.rel1/arm-none-eabi/bin/../lib/gcc/arm-none-eabi/14.2.1/../../../../arm-none-eabi/lib/thumb/v6-m/nofp/libg.a(libc_a-freer.o)
                0x200037e8                _malloc_trim_r
 .text._free_r  0x2000389c      0x1f0 /Applications/ArmGNUToolchain/14.2.rel1/arm-none-eabi/bin/../lib/gcc/arm-none-eabi/14.2.1/../../../../arm-none-eabi/lib/thumb/v6-m/nofp/libg.a(libc_a-freer.o)
                0x2000389c                _free_r
 *(.fini)
 .fini          0x20003a8c        0x4 /Applications/ArmGNUToolchain/14.2.rel1/arm-none-eabi/bin/../lib/gcc/arm-none-eabi/14.2.1/thumb/v6-m/nofp/crti.o
                0x20003a8c                _fini
 *crtbegin.o(.ctors)
 *crtbegin?.o(.ctors)
 *(EXCLUDE_FILE(*crtend.o *crtend?.o) .ctors)
 *(SORT_BY_NAME(.ctors.*))
 *(.ctors)
 *crtbegin.o(.dtors)
 *crtbegin?.o(.dtors)
 *(EXCLUDE_FILE(*crtend.o *crtend?.o) .dtors)
 *(SORT_BY_NAME(.dtors.*))
 *(.dtors)
 *(.eh_frame*)
 .eh_frame      0x20003a90        0x0 /Applications/ArmGNUToolchain/14.2.rel1/arm-none-eabi/bin/../lib/gcc/arm-none-eabi/14.2.1/thumb/v6-m/nofp/crtbegin.o
                0x20003a90                        . = ALIGN (0x4)
                0x20003a90                        __ram_text_end__ = .
                0x100002b8                        __ram_text_source__ = LOADADDR (.text)

.glue_7         0x20003a90        0x0 load address 0x10003c88
 .glue_7        0x20003a90        0x0 linker stubs

.glue_7t        0x20003a90        0x0 load address 0x10003c88
 .glue_7t       0x20003a90        0x0 linker stubs

.vfp11_veneer   0x20003a90        0x0 load address 0x10003c88
 .vfp11_veneer  0x20003a90        0x0 linker stubs

.v4_bx          0x20003a90        0x0 load address 0x10003c88
 .v4_bx         0x20003a90        0x0 linker stubs

.iplt           0x20003a90        0x0 load address 0x10003c88
 .iplt          0x20003a90        0x0 /Applications/ArmGNUToolchain/14.2.rel1/arm-none-eabi/bin/../lib/gcc/arm-none-eabi/14.2.1/thumb/v6-m/nofp/crtbegin.o
                0x20003a90                        . = ALIGN (0x4)

.data           0x20003a90    0x12b80 load address 0x10003c88
                0x20003a90                        __data_start__ = .
 *(vtable)
 *(.time_critical*)
 .time_critical.render
                0x20003a90       0xa8 CMakeFiles/tiles_parallax.dir/main.c.o
                0x20003a90                render_loop
 .time_critical.mutex_enter_blocking
                0x20003b38       0x44 CMakeFiles/tiles_parallax.dir/Users/giovanni.pozzobon/Documents/pico/pico-sdk/src/common/pico_sync/mutex.c.o
                0x20003b38                mutex_enter_blocking
 .time_critical.mutex_try_enter_block_until
                0x20003b7c       0x98 CMakeFiles/tiles_parallax.dir/Users/giovanni.pozzobon/Documents/pico/pico-sdk/src/common/pico_sync/mutex.c.o
                0x20003b7c                mutex_try_enter_block_until
 .time_critical.mutex_exit
                0x20003c14       0x28 CMakeFiles/tiles_parallax.dir/Users/giovanni.pozzobon/Documents/pico/pico-sdk/src/common/pico_sync/mutex.c.o
                0x20003c14                mutex_exit
 .time_critical.dvi_dma_irq_handler
                0x20003c3c      0x514 CMakeFiles/tiles_parallax.dir/__/__/libdvi/dvi.c.o
 .time_critical.dvi_dma1_irq
                0x20004150       0x24 CMakeFiles/tiles_parallax.dir/__/__/libdvi/dvi.c.o
 .time_critical.dvi_dma0_irq
                0x20004174       0x24 CMakeFiles/tiles_parallax.dir/__/__/libdvi/dvi.c.o
 .time_critical.dvi_scanbuf_main_16bpp
                0x20004198      0x27c CMakeFiles/tiles_parallax.dir/__/__/libdvi/dvi.c.o
                0x20004198                dvi_scanbuf_main_16bpp
 .time_critical.dvi_timing_state_advance
                0x20004414       0x44 CMakeFiles/tiles_parallax.dir/__/__/libdvi/dvi_timing.c.o
                0x20004414                dvi_timing_state_advance
 .time_critical.dvi_update_scanline_data_dma
                0x20004458       0x14 CMakeFiles/tiles_parallax.dir/__/__/libdvi/dvi_timing.c.o
                0x20004458                dvi_update_scanline_data_dma
 .time_critical.empty_scanline_tmds
                0x2000446c        0xc CMakeFiles/tiles_parallax.dir/__/__/libdvi/dvi_timing.c.o
 .time_critical.dvi_ctrl_syms
                0x20004478       0x10 CMakeFiles/tiles_parallax.dir/__/__/libdvi/dvi_timing.c.o
                0x20004478                dvi_ctrl_syms
 .time_critical.dvi_timing_640x480p_60hz
                0x20004488       0x2c CMakeFiles/tiles_parallax.dir/__/__/libdvi/dvi_timing.c.o
                0x20004488                dvi_timing_640x480p_60hz
 .time_critical.tmds_encode_data_channel_16bpp
                0x200044b4       0xa4 CMakeFiles/tiles_parallax.dir/__/__/libdvi/tmds_encode.c.o
                0x200044b4                tmds_encode_data_channel_16bpp
 .time_critical.sprite_fill16
                0x20004558       0x7c CMakeFiles/tiles_parallax.dir/__/__/libsprite/sprite.S.o
                0x20004558                sprite_fill16
 .time_critical.tile16_16px_alpha_loop
                0x200045d4       0xec CMakeFiles/tiles_parallax.dir/__/__/libsprite/tile.S.o
                0x200045d4                tile16_16px_alpha_loop
 .time_critical.tile16
                0x200046c0       0x80 CMakeFiles/tiles_parallax.dir/__/__/libsprite/tile.c.o
                0x200046c0                tile16
                0x20004740                        . = ALIGN (0x4)
 *(.rodata*)
 .rodata.main.str1.4
                0x20004740      0x1e4 CMakeFiles/tiles_parallax.dir/main.c.o
                                 0x80 (size before relaxing)
 .rodata.tilemap_background
                0x20004924      0x200 CMakeFiles/tiles_parallax.dir/main.c.o
 .rodata.tilemap_foreground
                0x20004b24      0x400 CMakeFiles/tiles_parallax.dir/main.c.o
 .rodata        0x20004f24       0x28 CMakeFiles/tiles_parallax.dir/main.c.o
 .rodata.panic.str1.4
                0x20004f4c       0x12 CMakeFiles/tiles_parallax.dir/Users/giovanni.pozzobon/Documents/pico/pico-sdk/src/rp2_common/pico_platform_panic/panic.c.o
 .rodata.timer_hardware_alarm_claim.str1.4
                0x20004f4c       0x22 CMakeFiles/tiles_parallax.dir/Users/giovanni.pozzobon/Documents/pico/pico-sdk/src/rp2_common/hardware_timer/timer.c.o
 .rodata.hard_assertion_failure.str1.4
                0x20004f4c        0xc CMakeFiles/tiles_parallax.dir/Users/giovanni.pozzobon/Documents/pico/pico-sdk/src/rp2_common/pico_runtime/runtime.c.o
 .rodata.__wrap_malloc.str1.4
                0x20004f4c        0xe CMakeFiles/tiles_parallax.dir/Users/giovanni.pozzobon/Documents/pico/pico-sdk/src/rp2_common/pico_malloc/malloc.c.o
 .rodata.str1.4
                0x20004f4c       0x44 CMakeFiles/tiles_parallax.dir/Users/giovanni.pozzobon/Documents/pico/pico-sdk/src/rp2_common/pico_standard_binary_info/standard_binary_info.c.o
 .rodata.__bi_84
                0x20004f4c        0xc CMakeFiles/tiles_parallax.dir/Users/giovanni.pozzobon/Documents/pico/pico-sdk/src/rp2_common/pico_standard_binary_info/standard_binary_info.c.o
 .rodata.__bi_78
                0x20004f58        0xc CMakeFiles/tiles_parallax.dir/Users/giovanni.pozzobon/Documents/pico/pico-sdk/src/rp2_common/pico_standard_binary_info/standard_binary_info.c.o
 .rodata.__bi_54
                0x20004f64        0xc CMakeFiles/tiles_parallax.dir/Users/giovanni.pozzobon/Documents/pico/pico-sdk/src/rp2_common/pico_standard_binary_info/standard_binary_info.c.o
 .rodata.__bi_48
                0x20004f70        0xc CMakeFiles/tiles_parallax.dir/Users/giovanni.pozzobon/Documents/pico/pico-sdk/src/rp2_common/pico_standard_binary_info/standard_binary_info.c.o
 .rodata.__bi_42
                0x20004f7c        0xc CMakeFiles/tiles_parallax.dir/Users/giovanni.pozzobon/Documents/pico/pico-sdk/src/rp2_common/pico_standard_binary_info/standard_binary_info.c.o
 .rodata.__bi_34
                0x20004f88        0xc CMakeFiles/tiles_parallax.dir/Users/giovanni.pozzobon/Documents/pico/pico-sdk/src/rp2_common/pico_standard_binary_info/standard_binary_info.c.o
 .rodata.__bi_26
                0x20004f94        0xc CMakeFiles/tiles_parallax.dir/Users/giovanni.pozzobon/Documents/pico/pico-sdk/src/rp2_common/pico_standard_binary_info/standard_binary_info.c.o
 .rodata.crlf_str.0
                0x20004fa0        0x2 CMakeFiles/tiles_parallax.dir/Users/giovanni.pozzobon/Documents/pico/pico-sdk/src/rp2_common/pico_stdio/stdio.c.o
 .rodata.str1.4
                0x20004fa2       0x2c CMakeFiles/tiles_parallax.dir/Users/giovanni.pozzobon/Documents/pico/pico-sdk/src/rp2_common/pico_stdio_uart/stdio_uart.c.o
 *fill*         0x20004fa2        0x2 
 .rodata.__bi_45.4
                0x20004fa4        0xc CMakeFiles/tiles_parallax.dir/Users/giovanni.pozzobon/Documents/pico/pico-sdk/src/rp2_common/pico_stdio_uart/stdio_uart.c.o
 .rodata.__bi_49.5
                0x20004fb0        0x8 CMakeFiles/tiles_parallax.dir/Users/giovanni.pozzobon/Documents/pico/pico-sdk/src/rp2_common/pico_stdio_uart/stdio_uart.c.o
 .rodata.__bi_50.6
                0x20004fb8        0x8 CMakeFiles/tiles_parallax.dir/Users/giovanni.pozzobon/Documents/pico/pico-sdk/src/rp2_common/pico_stdio_uart/stdio_uart.c.o
 .rodata.str1.4
                0x20004fc0       0x1d CMakeFiles/tiles_parallax.dir/__/__/libdvi/dvi.c.o
 .rodata.dvi_init.str1.4
                0x20004fc0       0x1e CMakeFiles/tiles_parallax.dir/__/__/libdvi/dvi.c.o
 .rodata.dvi_serialiser_program
                0x20004fc0        0x8 CMakeFiles/tiles_parallax.dir/__/__/libdvi/dvi_serialiser.c.o
 .rodata.dvi_serialiser_program_instructions
                0x20004fc8        0x4 CMakeFiles/tiles_parallax.dir/__/__/libdvi/dvi_serialiser.c.o
 .rodata.dma_claim_unused_channel.str1.4
                0x20004fcc       0x1e CMakeFiles/tiles_parallax.dir/Users/giovanni.pozzobon/Documents/pico/pico-sdk/src/rp2_common/hardware_dma/dma.c.o
 .rodata.pio_sm_claim.str1.4
                0x20004fcc       0x40 CMakeFiles/tiles_parallax.dir/Users/giovanni.pozzobon/Documents/pico/pico-sdk/src/rp2_common/hardware_pio/pio.c.o
                0x2000500c                        . = ALIGN (0x4)
 *(.data*)
 .data.platformer_in_the_forest
                0x20004fcc    0x11000 CMakeFiles/tiles_parallax.dir/main.c.o
 .data.striped_spin_lock_num
                0x20015fcc        0x1 CMakeFiles/tiles_parallax.dir/Users/giovanni.pozzobon/Documents/pico/pico-sdk/src/rp2_common/hardware_sync/sync.c.o
 *fill*         0x20015fcd        0x3 
 .data          0x20015fd0       0x48 CMakeFiles/tiles_parallax.dir/Users/giovanni.pozzobon/Documents/pico/pico-sdk/src/rp2_common/hardware_irq/irq_handler_chain.S.o
                0x20015fd0                irq_handler_chain_slots
                0x20016000                irq_handler_chain_first_slot
                0x2001600a                irq_handler_chain_remove_tail
 .data.default_alarm_pool
                0x20016018       0x18 CMakeFiles/tiles_parallax.dir/Users/giovanni.pozzobon/Documents/pico/pico-sdk/src/common/pico_time/time.c.o
 .data.aeabi_bits_funcs
                0x20016030       0x10 CMakeFiles/tiles_parallax.dir/Users/giovanni.pozzobon/Documents/pico/pico-sdk/src/rp2_common/pico_bit_ops/bit_ops_aeabi.S.o
                0x20016030                aeabi_bits_funcs
                0x20016040                aeabi_bits_funcs_end
 .data.aeabi_mem_funcs
                0x20016040       0x10 CMakeFiles/tiles_parallax.dir/Users/giovanni.pozzobon/Documents/pico/pico-sdk/src/rp2_common/pico_mem_ops/mem_ops_aeabi.S.o
                0x20016040                aeabi_mem_funcs
                0x20016050                aeabi_mem_funcs_end
 .data.stdio_uart
                0x20016050       0x18 CMakeFiles/tiles_parallax.dir/Users/giovanni.pozzobon/Documents/pico/pico-sdk/src/rp2_common/pico_stdio_uart/stdio_uart.c.o
                0x20016050                stdio_uart
 .data.__malloc_sbrk_base
                0x20016068        0x4 /Applications/ArmGNUToolchain/14.2.rel1/arm-none-eabi/bin/../lib/gcc/arm-none-eabi/14.2.1/../../../../arm-none-eabi/lib/thumb/v6-m/nofp/libg.a(libc_a-mallocr.o)
                0x20016068                __malloc_sbrk_base
 .data.__malloc_trim_threshold
                0x2001606c        0x4 /Applications/ArmGNUToolchain/14.2.rel1/arm-none-eabi/bin/../lib/gcc/arm-none-eabi/14.2.1/../../../../arm-none-eabi/lib/thumb/v6-m/nofp/libg.a(libc_a-mallocr.o)
                0x2001606c                __malloc_trim_threshold
 .data.__malloc_av_
                0x20016070      0x408 /Applications/ArmGNUToolchain/14.2.rel1/arm-none-eabi/bin/../lib/gcc/arm-none-eabi/14.2.1/../../../../arm-none-eabi/lib/thumb/v6-m/nofp/libg.a(libc_a-mallocr.o)
                0x20016070                __malloc_av_
 .data._impure_ptr
                0x20016478        0x4 /Applications/ArmGNUToolchain/14.2.rel1/arm-none-eabi/bin/../lib/gcc/arm-none-eabi/14.2.1/../../../../arm-none-eabi/lib/thumb/v6-m/nofp/libg.a(libc_a-impure.o)
                0x20016478                _impure_ptr
 *fill*         0x2001647c        0x4 
 .data._impure_data
                0x20016480      0x140 /Applications/ArmGNUToolchain/14.2.rel1/arm-none-eabi/bin/../lib/gcc/arm-none-eabi/14.2.1/../../../../arm-none-eabi/lib/thumb/v6-m/nofp/libg.a(libc_a-impure.o)
                0x20016480                _impure_data
                0x200165c0                        . = ALIGN (0x4)
 *(.after_data.*)
                0x200165c0                        . = ALIGN (0x4)
                0x200165c0                        PROVIDE (__mutex_array_start = .)
 *(SORT_BY_NAME(.mutex_array.*))
 *(.mutex_array)
 .mutex_array   0x200165c0        0x8 CMakeFiles/tiles_parallax.dir/Users/giovanni.pozzobon/Documents/pico/pico-sdk/src/rp2_common/pico_malloc/malloc.c.o
 .mutex_array   0x200165c8        0x8 CMakeFiles/tiles_parallax.dir/Users/giovanni.pozzobon/Documents/pico/pico-sdk/src/rp2_common/pico_stdio/stdio.c.o
                0x200165d0                        PROVIDE (__mutex_array_end = .)
                0x200165d0                        . = ALIGN (0x4)
                0x200165d0                        PROVIDE (__preinit_array_start = .)
 *(SORT_BY_NAME(.preinit_array.*))
 .preinit_array.00100
                0x200165d0        0x4 CMakeFiles/tiles_parallax.dir/Users/giovanni.pozzobon/Documents/pico/pico-sdk/src/rp2_common/pico_runtime_init/runtime_init.c.o
                0x200165d0                __pre_init_runtime_init_early_resets
 .preinit_array.00101
                0x200165d4        0x4 CMakeFiles/tiles_parallax.dir/Users/giovanni.pozzobon/Documents/pico/pico-sdk/src/rp2_common/pico_runtime_init/runtime_init.c.o
                0x200165d4                __pre_init_runtime_init_usb_power_down
 .preinit_array.00275
                0x200165d8        0x4 CMakeFiles/tiles_parallax.dir/Users/giovanni.pozzobon/Documents/pico/pico-sdk/src/rp2_common/pico_bit_ops/bit_ops_aeabi.S.o
 .preinit_array.00300
                0x200165dc        0x4 CMakeFiles/tiles_parallax.dir/Users/giovanni.pozzobon/Documents/pico/pico-sdk/src/rp2_common/pico_mem_ops/mem_ops_aeabi.S.o
 .preinit_array.00350
                0x200165e0        0x4 CMakeFiles/tiles_parallax.dir/Users/giovanni.pozzobon/Documents/pico/pico-sdk/src/rp2_common/pico_double/double_aeabi_rp2040.S.o
 .preinit_array.00350
                0x200165e4        0x4 CMakeFiles/tiles_parallax.dir/Users/giovanni.pozzobon/Documents/pico/pico-sdk/src/rp2_common/pico_float/float_aeabi_rp2040.S.o
 .preinit_array.00500
                0x200165e8        0x4 CMakeFiles/tiles_parallax.dir/Users/giovanni.pozzobon/Documents/pico/pico-sdk/src/rp2_common/pico_runtime_init/runtime_init.c.o
                0x200165e8                __pre_init_runtime_init_clocks
 .preinit_array.00600
                0x200165ec        0x4 CMakeFiles/tiles_parallax.dir/Users/giovanni.pozzobon/Documents/pico/pico-sdk/src/rp2_common/pico_runtime_init/runtime_init.c.o
                0x200165ec                __pre_init_runtime_init_post_clock_resets
 .preinit_array.00700
                0x200165f0        0x4 CMakeFiles/tiles_parallax.dir/Users/giovanni.pozzobon/Documents/pico/pico-sdk/src/rp2_common/pico_runtime_init/runtime_init.c.o
                0x200165f0                __pre_init_runtime_init_rp2040_gpio_ie_disable
 .preinit_array.01000
                0x200165f4        0x4 CMakeFiles/tiles_parallax.dir/Users/giovanni.pozzobon/Documents/pico/pico-sdk/src/rp2_common/pico_runtime_init/runtime_init.c.o
                0x200165f4                __pre_init_runtime_init_spin_locks_reset
 .preinit_array.01100
                0x200165f8        0x4 CMakeFiles/tiles_parallax.dir/Users/giovanni.pozzobon/Documents/pico/pico-sdk/src/common/pico_sync/mutex.c.o
                0x200165f8                __pre_init_runtime_init_mutex
 .preinit_array.10080
                0x200165fc        0x4 CMakeFiles/tiles_parallax.dir/Users/giovanni.pozzobon/Documents/pico/pico-sdk/src/rp2_common/pico_runtime_init/runtime_init.c.o
                0x200165fc                __pre_init_runtime_init_install_ram_vector_table
 .preinit_array.11000
                0x20016600        0x4 CMakeFiles/tiles_parallax.dir/Users/giovanni.pozzobon/Documents/pico/pico-sdk/src/common/pico_time/time.c.o
                0x20016600                __pre_init_runtime_init_default_alarm_pool
 .preinit_array.YYYYY
                0x20016604        0x4 CMakeFiles/tiles_parallax.dir/Users/giovanni.pozzobon/Documents/pico/pico-sdk/src/rp2_common/pico_runtime/runtime.c.o
                0x20016604                __pre_init_first_per_core_initializer
 .preinit_array.ZZZZZ.01200
                0x20016608        0x4 CMakeFiles/tiles_parallax.dir/Users/giovanni.pozzobon/Documents/pico/pico-sdk/src/rp2_common/hardware_irq/irq.c.o
                0x20016608                __pre_init_runtime_init_per_core_irq_priorities
 *(.preinit_array)
                0x2001660c                        PROVIDE (__preinit_array_end = .)
                0x2001660c                        . = ALIGN (0x4)
                0x2001660c                        PROVIDE (__init_array_start = .)
 *(SORT_BY_NAME(.init_array.*))
 *(.init_array)
 .init_array    0x2001660c        0x4 /Applications/ArmGNUToolchain/14.2.rel1/arm-none-eabi/bin/../lib/gcc/arm-none-eabi/14.2.1/thumb/v6-m/nofp/crtbegin.o
                0x20016610                        PROVIDE (__init_array_end = .)
                0x20016610                        . = ALIGN (0x4)
                [!provide]                        PROVIDE (__fini_array_start = .)
 *(SORT_BY_NAME(.fini_array.*))
 *(.fini_array)
                [!provide]                        PROVIDE (__fini_array_end = .)
 *(.jcr)
                0x20016610                        . = ALIGN (0x4)

.tm_clone_table
                0x20016610        0x0 load address 0x10016808
 .tm_clone_table
                0x20016610        0x0 /Applications/ArmGNUToolchain/14.2.rel1/arm-none-eabi/bin/../lib/gcc/arm-none-eabi/14.2.1/thumb/v6-m/nofp/crtbegin.o
 .tm_clone_table
                0x20016610        0x0 /Applications/ArmGNUToolchain/14.2.rel1/arm-none-eabi/bin/../lib/gcc/arm-none-eabi/14.2.1/thumb/v6-m/nofp/crtend.o

.igot.plt       0x20016610        0x0 load address 0x10016808
 .igot.plt      0x20016610        0x0 /Applications/ArmGNUToolchain/14.2.rel1/arm-none-eabi/bin/../lib/gcc/arm-none-eabi/14.2.1/thumb/v6-m/nofp/crtbegin.o

.tdata          0x20016610        0x0 load address 0x10016808
                0x20016610                        . = ALIGN (0x4)
 *(.tdata .tdata.* .gnu.linkonce.td.*)
                0x20016610                        __tdata_end = .
                0x20016610                        PROVIDE (__data_end__ = .)
                0x10003c88                        __etext = LOADADDR (.data)

.tbss           0x20016610        0x0 load address 0x10016808
                0x20016610                        . = ALIGN (0x4)
                0x20016610                        __bss_start__ = .
                0x20016610                        __tls_base = .
 *(.tbss .tbss.* .gnu.linkonce.tb.*)
 *(.tcommon)
                0x20016610                        __tls_end = .

.bss            0x20016610     0x123c load address 0x10016808
                0x20016610                        . = ALIGN (0x4)
                0x20016610                        __tbss_end = .
 *(SORT_BY_ALIGNMENT(SORT_BY_NAME(.bss*)))
 .bss.default_alarm_pool_entries
                0x20016610      0x180 CMakeFiles/tiles_parallax.dir/Users/giovanni.pozzobon/Documents/pico/pico-sdk/src/common/pico_time/time.c.o
 .bss.sd_table  0x20016790      0x100 CMakeFiles/tiles_parallax.dir/Users/giovanni.pozzobon/Documents/pico/pico-sdk/src/rp2_common/pico_double/double_init_rom_rp2040.c.o
                0x20016790                sd_table
 .bss.sf_table  0x20016890      0x100 CMakeFiles/tiles_parallax.dir/Users/giovanni.pozzobon/Documents/pico/pico-sdk/src/rp2_common/pico_float/float_init_rom_rp2040.c.o
                0x20016890                sf_table
 .bss.__lock___malloc_recursive_mutex
                0x20016990        0x1 /Applications/ArmGNUToolchain/14.2.rel1/arm-none-eabi/bin/../lib/gcc/arm-none-eabi/14.2.1/../../../../arm-none-eabi/lib/thumb/v6-m/nofp/libg.a(libc_a-lock.o)
                0x20016990                __lock___malloc_recursive_mutex
 *fill*         0x20016991        0x3 
 .bss.__malloc_current_mallinfo
                0x20016994       0x28 /Applications/ArmGNUToolchain/14.2.rel1/arm-none-eabi/bin/../lib/gcc/arm-none-eabi/14.2.1/../../../../arm-none-eabi/lib/thumb/v6-m/nofp/libg.a(libc_a-mallocr.o)
                0x20016994                __malloc_current_mallinfo
 .bss.__malloc_max_sbrked_mem
                0x200169bc        0x4 /Applications/ArmGNUToolchain/14.2.rel1/arm-none-eabi/bin/../lib/gcc/arm-none-eabi/14.2.1/../../../../arm-none-eabi/lib/thumb/v6-m/nofp/libg.a(libc_a-mallocr.o)
                0x200169bc                __malloc_max_sbrked_mem
 .bss.__malloc_max_total_mem
                0x200169c0        0x4 /Applications/ArmGNUToolchain/14.2.rel1/arm-none-eabi/bin/../lib/gcc/arm-none-eabi/14.2.1/../../../../arm-none-eabi/lib/thumb/v6-m/nofp/libg.a(libc_a-mallocr.o)
                0x200169c0                __malloc_max_total_mem
 .bss.__malloc_top_pad
                0x200169c4        0x4 /Applications/ArmGNUToolchain/14.2.rel1/arm-none-eabi/bin/../lib/gcc/arm-none-eabi/14.2.1/../../../../arm-none-eabi/lib/thumb/v6-m/nofp/libg.a(libc_a-mallocr.o)
                0x200169c4                __malloc_top_pad
 .bss.__sf      0x200169c8      0x138 /Applications/ArmGNUToolchain/14.2.rel1/arm-none-eabi/bin/../lib/gcc/arm-none-eabi/14.2.1/../../../../arm-none-eabi/lib/thumb/v6-m/nofp/libg.a(libc_a-findfp.o)
                0x200169c8                __sf
 .bss._used_instruction_space
                0x20016b00        0x8 CMakeFiles/tiles_parallax.dir/Users/giovanni.pozzobon/Documents/pico/pico-sdk/src/rp2_common/hardware_pio/pio.c.o
 .bss.chars_available_callback
                0x20016b08        0x4 CMakeFiles/tiles_parallax.dir/Users/giovanni.pozzobon/Documents/pico/pico-sdk/src/rp2_common/pico_stdio_uart/stdio_uart.c.o
 .bss.chars_available_param
                0x20016b0c        0x4 CMakeFiles/tiles_parallax.dir/Users/giovanni.pozzobon/Documents/pico/pico-sdk/src/rp2_common/pico_stdio_uart/stdio_uart.c.o
 .bss.claimed   0x20016b10        0x1 CMakeFiles/tiles_parallax.dir/Users/giovanni.pozzobon/Documents/pico/pico-sdk/src/rp2_common/hardware_timer/timer.c.o
 *fill*         0x20016b11        0x3 
 .bss.claimed   0x20016b14        0x1 CMakeFiles/tiles_parallax.dir/Users/giovanni.pozzobon/Documents/pico/pico-sdk/src/rp2_common/hardware_pio/pio.c.o
 *fill*         0x20016b15        0x3 
 .bss.configured_freq
                0x20016b18       0x28 CMakeFiles/tiles_parallax.dir/Users/giovanni.pozzobon/Documents/pico/pico-sdk/src/rp2_common/hardware_clocks/clocks.c.o
 .bss.dma_irq_privdata
                0x20016b40        0x8 CMakeFiles/tiles_parallax.dir/__/__/libdvi/dvi.c.o
 .bss.drivers   0x20016b48        0x4 CMakeFiles/tiles_parallax.dir/Users/giovanni.pozzobon/Documents/pico/pico-sdk/src/rp2_common/pico_stdio/stdio.c.o
 .bss.dvi0      0x20016b4c      0x2b4 CMakeFiles/tiles_parallax.dir/main.c.o
                0x20016b4c                dvi0
 .bss.errno     0x20016e00        0x4 /Applications/ArmGNUToolchain/14.2.rel1/arm-none-eabi/bin/../lib/gcc/arm-none-eabi/14.2.1/../../../../arm-none-eabi/lib/thumb/v6-m/nofp/libg.a(libc_a-reent.o)
                0x20016e00                errno
 .bss.filter    0x20016e04        0x4 CMakeFiles/tiles_parallax.dir/Users/giovanni.pozzobon/Documents/pico/pico-sdk/src/rp2_common/pico_stdio/stdio.c.o
 .bss.heap_end.0
                0x20016e08        0x4 CMakeFiles/tiles_parallax.dir/Users/giovanni.pozzobon/Documents/pico/pico-sdk/src/rp2_common/pico_clib_interface/newlib_interface.c.o
 .bss.lazy_vsnprintf
                0x20016e0c        0x4 CMakeFiles/tiles_parallax.dir/Users/giovanni.pozzobon/Documents/pico/pico-sdk/src/rp2_common/pico_printf/printf.c.o
 .bss.object.0  0x20016e10       0x18 /Applications/ArmGNUToolchain/14.2.rel1/arm-none-eabi/bin/../lib/gcc/arm-none-eabi/14.2.1/thumb/v6-m/nofp/crtbegin.o
 .bss.pools     0x20016e28       0x10 CMakeFiles/tiles_parallax.dir/Users/giovanni.pozzobon/Documents/pico/pico-sdk/src/common/pico_time/time.c.o
 .bss.sf_clz_func
                0x20016e38        0x4 CMakeFiles/tiles_parallax.dir/Users/giovanni.pozzobon/Documents/pico/pico-sdk/src/rp2_common/pico_double/double_init_rom_rp2040.c.o
                0x20016e38                sf_clz_func
 .bss.sleep_notifier
                0x20016e3c        0x4 CMakeFiles/tiles_parallax.dir/Users/giovanni.pozzobon/Documents/pico/pico-sdk/src/common/pico_time/time.c.o
 .bss.static_scanbuf
                0x20016e40      0xa00 CMakeFiles/tiles_parallax.dir/main.c.o
                0x20016e40                static_scanbuf
 .bss.uart_char_to_line_feed
                0x20017840        0x4 CMakeFiles/tiles_parallax.dir/Users/giovanni.pozzobon/Documents/pico/pico-sdk/src/rp2_common/hardware_uart/uart.c.o
                0x20017840                uart_char_to_line_feed
 .bss.uart_instance
                0x20017844        0x4 CMakeFiles/tiles_parallax.dir/Users/giovanni.pozzobon/Documents/pico/pico-sdk/src/rp2_common/pico_stdio_uart/stdio_uart.c.o
 .bss._claimed  0x20017848        0x2 CMakeFiles/tiles_parallax.dir/Users/giovanni.pozzobon/Documents/pico/pico-sdk/src/rp2_common/hardware_dma/dma.c.o
 .bss.irq_handler_chain_free_slot_head
                0x2001784a        0x1 CMakeFiles/tiles_parallax.dir/Users/giovanni.pozzobon/Documents/pico/pico-sdk/src/rp2_common/hardware_irq/irq.c.o
 *(COMMON)
                0x2001784c                        . = ALIGN (0x4)
 *fill*         0x2001784b        0x1 
                0x2001784c                        __bss_end__ = .

.heap           0x2001784c      0x800 load address 0x10016808
                0x2001784c                        __end__ = .
                0x2001784c                        end = __end__
 *(.heap*)
 .heap          0x2001784c      0x800 CMakeFiles/tiles_parallax.dir/Users/giovanni.pozzobon/Documents/pico/pico-sdk/src/rp2_common/pico_crt0/crt0.S.o
                0x20040000                        __HeapLimit = (ORIGIN (RAM) + LENGTH (RAM))

.scratch_x      0x20040000      0x164 load address 0x10016808
                0x20040000                        __scratch_x_start__ = .
 *(.scratch_x.*)
 .scratch_x.tmds_encode_loop_16bpp
                0x20040000       0x30 CMakeFiles/tiles_parallax.dir/__/__/libdvi/tmds_encode.S.o
                0x20040000                tmds_encode_loop_16bpp
 .scratch_x.tmds_encode_loop_16bpp_leftshift
                0x20040030       0x34 CMakeFiles/tiles_parallax.dir/__/__/libdvi/tmds_encode.S.o
                0x20040030                tmds_encode_loop_16bpp_leftshift
 .scratch_x.tmds_table
                0x20040064      0x100 CMakeFiles/tiles_parallax.dir/__/__/libdvi/tmds_encode.c.o
                0x20040164                        . = ALIGN (0x4)
                0x20040164                        __scratch_x_end__ = .
                0x10016808                        __scratch_x_source__ = LOADADDR (.scratch_x)

.rel.dyn        0x20040164        0x0 load address 0x1001696c
 .rel.iplt      0x20040164        0x0 /Applications/ArmGNUToolchain/14.2.rel1/arm-none-eabi/bin/../lib/gcc/arm-none-eabi/14.2.1/thumb/v6-m/nofp/crtbegin.o

.scratch_y      0x20041000        0x0 load address 0x1001696c
                0x20041000                        __scratch_y_start__ = .
 *(.scratch_y.*)
                0x20041000                        . = ALIGN (0x4)
                0x20041000                        __scratch_y_end__ = .
                0x1001696c                        __scratch_y_source__ = LOADADDR (.scratch_y)

.stack1_dummy   0x20040164      0x800
 *(.stack1*)
 .stack1        0x20040164      0x800 CMakeFiles/tiles_parallax.dir/Users/giovanni.pozzobon/Documents/pico/pico-sdk/src/rp2_common/pico_multicore/multicore.c.o

.stack_dummy    0x20041000      0x800
 *(.stack*)
 .stack         0x20041000      0x800 CMakeFiles/tiles_parallax.dir/Users/giovanni.pozzobon/Documents/pico/pico-sdk/src/rp2_common/pico_crt0/crt0.S.o

.flash_end      0x1001696c        0x0
 *(.embedded_end_block*)
                0x1001696c                        PROVIDE (__flash_binary_end = .)
                0x20040000                        __StackLimit = (ORIGIN (RAM) + LENGTH (RAM))
                0x20041000                        __StackOneTop = (ORIGIN (SCRATCH_X) + LENGTH (SCRATCH_X))
                0x20042000                        __StackTop = (ORIGIN (SCRATCH_Y) + LENGTH (SCRATCH_Y))
                0x20040800                        __StackOneBottom = (__StackOneTop - SIZEOF (.stack1_dummy))
                0x20041800                        __StackBottom = (__StackTop - SIZEOF (.stack_dummy))
                0x20042000                        PROVIDE (__stack = __StackTop)
                [!provide]                        PROVIDE (__heap_start = __end__)
                [!provide]                        PROVIDE (__heap_end = __HeapLimit)
                [!provide]                        PROVIDE (__tls_align = MAX (ALIGNOF (.tdata), ALIGNOF (.tbss)))
                [!provide]                        PROVIDE (__tls_size_align = (((__tls_size + __tls_align) - 0x1) & ~ ((__tls_align - 0x1))))
                [!provide]                        PROVIDE (__arm32_tls_tcb_offset = MAX (0x8, __tls_align))
                [!provide]                        PROVIDE (_end = __end__)
                [!provide]                        PROVIDE (__llvm_libc_heap_limit = __HeapLimit)
                0x00000001                        ASSERT ((__StackLimit >= __HeapLimit), region RAM overflowed)
                0x00000001                        ASSERT (((__binary_info_header_end - __logical_binary_start) <= 0x100), Binary info must be in first 256 bytes of the binary)
LOAD CMakeFiles/tiles_parallax.dir/main.c.o
LOAD CMakeFiles/tiles_parallax.dir/Users/giovanni.pozzobon/Documents/pico/pico-sdk/src/rp2_common/pico_stdlib/stdlib.c.o
LOAD CMakeFiles/tiles_parallax.dir/Users/giovanni.pozzobon/Documents/pico/pico-sdk/src/rp2_common/hardware_gpio/gpio.c.o
LOAD CMakeFiles/tiles_parallax.dir/Users/giovanni.pozzobon/Documents/pico/pico-sdk/src/rp2040/pico_platform/platform.c.o
LOAD CMakeFiles/tiles_parallax.dir/Users/giovanni.pozzobon/Documents/pico/pico-sdk/src/rp2_common/pico_platform_panic/panic.c.o
LOAD CMakeFiles/tiles_parallax.dir/Users/giovanni.pozzobon/Documents/pico/pico-sdk/src/common/hardware_claim/claim.c.o
LOAD CMakeFiles/tiles_parallax.dir/Users/giovanni.pozzobon/Documents/pico/pico-sdk/src/rp2_common/hardware_sync/sync.c.o
LOAD CMakeFiles/tiles_parallax.dir/Users/giovanni.pozzobon/Documents/pico/pico-sdk/src/rp2_common/hardware_sync_spin_lock/sync_spin_lock.c.o
LOAD CMakeFiles/tiles_parallax.dir/Users/giovanni.pozzobon/Documents/pico/pico-sdk/src/rp2_common/hardware_irq/irq.c.o
LOAD CMakeFiles/tiles_parallax.dir/Users/giovanni.pozzobon/Documents/pico/pico-sdk/src/rp2_common/hardware_irq/irq_handler_chain.S.o
LOAD CMakeFiles/tiles_parallax.dir/Users/giovanni.pozzobon/Documents/pico/pico-sdk/src/common/pico_sync/sem.c.o
LOAD CMakeFiles/tiles_parallax.dir/Users/giovanni.pozzobon/Documents/pico/pico-sdk/src/common/pico_sync/lock_core.c.o
LOAD CMakeFiles/tiles_parallax.dir/Users/giovanni.pozzobon/Documents/pico/pico-sdk/src/common/pico_sync/mutex.c.o
LOAD CMakeFiles/tiles_parallax.dir/Users/giovanni.pozzobon/Documents/pico/pico-sdk/src/common/pico_sync/critical_section.c.o
LOAD CMakeFiles/tiles_parallax.dir/Users/giovanni.pozzobon/Documents/pico/pico-sdk/src/common/pico_time/time.c.o
LOAD CMakeFiles/tiles_parallax.dir/Users/giovanni.pozzobon/Documents/pico/pico-sdk/src/common/pico_time/timeout_helper.c.o
LOAD CMakeFiles/tiles_parallax.dir/Users/giovanni.pozzobon/Documents/pico/pico-sdk/src/rp2_common/hardware_timer/timer.c.o
LOAD CMakeFiles/tiles_parallax.dir/Users/giovanni.pozzobon/Documents/pico/pico-sdk/src/common/pico_util/datetime.c.o
LOAD CMakeFiles/tiles_parallax.dir/Users/giovanni.pozzobon/Documents/pico/pico-sdk/src/common/pico_util/pheap.c.o
LOAD CMakeFiles/tiles_parallax.dir/Users/giovanni.pozzobon/Documents/pico/pico-sdk/src/common/pico_util/queue.c.o
LOAD CMakeFiles/tiles_parallax.dir/Users/giovanni.pozzobon/Documents/pico/pico-sdk/src/rp2_common/hardware_uart/uart.c.o
LOAD CMakeFiles/tiles_parallax.dir/Users/giovanni.pozzobon/Documents/pico/pico-sdk/src/rp2_common/hardware_clocks/clocks.c.o
LOAD CMakeFiles/tiles_parallax.dir/Users/giovanni.pozzobon/Documents/pico/pico-sdk/src/rp2_common/hardware_pll/pll.c.o
LOAD CMakeFiles/tiles_parallax.dir/Users/giovanni.pozzobon/Documents/pico/pico-sdk/src/rp2_common/hardware_vreg/vreg.c.o
LOAD CMakeFiles/tiles_parallax.dir/Users/giovanni.pozzobon/Documents/pico/pico-sdk/src/rp2_common/hardware_watchdog/watchdog.c.o
LOAD CMakeFiles/tiles_parallax.dir/Users/giovanni.pozzobon/Documents/pico/pico-sdk/src/rp2_common/hardware_ticks/ticks.c.o
LOAD CMakeFiles/tiles_parallax.dir/Users/giovanni.pozzobon/Documents/pico/pico-sdk/src/rp2_common/pico_bootrom/bootrom.c.o
LOAD CMakeFiles/tiles_parallax.dir/Users/giovanni.pozzobon/Documents/pico/pico-sdk/src/rp2_common/pico_bootrom/bootrom_lock.c.o
LOAD CMakeFiles/tiles_parallax.dir/Users/giovanni.pozzobon/Documents/pico/pico-sdk/src/rp2_common/hardware_boot_lock/boot_lock.c.o
LOAD CMakeFiles/tiles_parallax.dir/Users/giovanni.pozzobon/Documents/pico/pico-sdk/src/rp2_common/pico_flash/flash.c.o
LOAD CMakeFiles/tiles_parallax.dir/Users/giovanni.pozzobon/Documents/pico/pico-sdk/src/rp2_common/hardware_xosc/xosc.c.o
LOAD CMakeFiles/tiles_parallax.dir/Users/giovanni.pozzobon/Documents/pico/pico-sdk/src/rp2_common/hardware_divider/divider.S.o
LOAD CMakeFiles/tiles_parallax.dir/Users/giovanni.pozzobon/Documents/pico/pico-sdk/src/rp2_common/pico_runtime/runtime.c.o
LOAD CMakeFiles/tiles_parallax.dir/Users/giovanni.pozzobon/Documents/pico/pico-sdk/src/rp2_common/pico_runtime_init/runtime_init.c.o
LOAD CMakeFiles/tiles_parallax.dir/Users/giovanni.pozzobon/Documents/pico/pico-sdk/src/rp2_common/pico_runtime_init/runtime_init_clocks.c.o
LOAD CMakeFiles/tiles_parallax.dir/Users/giovanni.pozzobon/Documents/pico/pico-sdk/src/rp2_common/pico_runtime_init/runtime_init_stack_guard.c.o
LOAD CMakeFiles/tiles_parallax.dir/Users/giovanni.pozzobon/Documents/pico/pico-sdk/src/rp2_common/pico_bit_ops/bit_ops_aeabi.S.o
LOAD CMakeFiles/tiles_parallax.dir/Users/giovanni.pozzobon/Documents/pico/pico-sdk/src/rp2_common/pico_divider/divider_hardware.S.o
LOAD CMakeFiles/tiles_parallax.dir/Users/giovanni.pozzobon/Documents/pico/pico-sdk/src/rp2_common/pico_double/double_aeabi_rp2040.S.o
LOAD CMakeFiles/tiles_parallax.dir/Users/giovanni.pozzobon/Documents/pico/pico-sdk/src/rp2_common/pico_double/double_init_rom_rp2040.c.o
LOAD CMakeFiles/tiles_parallax.dir/Users/giovanni.pozzobon/Documents/pico/pico-sdk/src/rp2_common/pico_double/double_math.c.o
LOAD CMakeFiles/tiles_parallax.dir/Users/giovanni.pozzobon/Documents/pico/pico-sdk/src/rp2_common/pico_double/double_v1_rom_shim_rp2040.S.o
LOAD CMakeFiles/tiles_parallax.dir/Users/giovanni.pozzobon/Documents/pico/pico-sdk/src/rp2_common/pico_int64_ops/pico_int64_ops_aeabi.S.o
LOAD CMakeFiles/tiles_parallax.dir/Users/giovanni.pozzobon/Documents/pico/pico-sdk/src/rp2_common/pico_float/float_aeabi_rp2040.S.o
LOAD CMakeFiles/tiles_parallax.dir/Users/giovanni.pozzobon/Documents/pico/pico-sdk/src/rp2_common/pico_float/float_init_rom_rp2040.c.o
LOAD CMakeFiles/tiles_parallax.dir/Users/giovanni.pozzobon/Documents/pico/pico-sdk/src/rp2_common/pico_float/float_math.c.o
LOAD CMakeFiles/tiles_parallax.dir/Users/giovanni.pozzobon/Documents/pico/pico-sdk/src/rp2_common/pico_float/float_v1_rom_shim_rp2040.S.o
LOAD CMakeFiles/tiles_parallax.dir/Users/giovanni.pozzobon/Documents/pico/pico-sdk/src/rp2_common/pico_malloc/malloc.c.o
LOAD CMakeFiles/tiles_parallax.dir/Users/giovanni.pozzobon/Documents/pico/pico-sdk/src/rp2_common/pico_mem_ops/mem_ops_aeabi.S.o
LOAD CMakeFiles/tiles_parallax.dir/Users/giovanni.pozzobon/Documents/pico/pico-sdk/src/rp2_common/pico_atomic/atomic.c.o
LOAD CMakeFiles/tiles_parallax.dir/Users/giovanni.pozzobon/Documents/pico/pico-sdk/src/rp2_common/pico_cxx_options/new_delete.cpp.o
LOAD CMakeFiles/tiles_parallax.dir/Users/giovanni.pozzobon/Documents/pico/pico-sdk/src/rp2_common/pico_standard_binary_info/standard_binary_info.c.o
LOAD CMakeFiles/tiles_parallax.dir/Users/giovanni.pozzobon/Documents/pico/pico-sdk/src/rp2_common/pico_printf/printf.c.o
LOAD CMakeFiles/tiles_parallax.dir/Users/giovanni.pozzobon/Documents/pico/pico-sdk/src/rp2_common/pico_crt0/crt0.S.o
LOAD CMakeFiles/tiles_parallax.dir/Users/giovanni.pozzobon/Documents/pico/pico-sdk/src/rp2_common/pico_clib_interface/newlib_interface.c.o
LOAD CMakeFiles/tiles_parallax.dir/Users/giovanni.pozzobon/Documents/pico/pico-sdk/src/rp2_common/pico_stdio/stdio.c.o
LOAD CMakeFiles/tiles_parallax.dir/Users/giovanni.pozzobon/Documents/pico/pico-sdk/src/rp2_common/pico_stdio_uart/stdio_uart.c.o
LOAD CMakeFiles/tiles_parallax.dir/Users/giovanni.pozzobon/Documents/pico/pico-sdk/src/rp2_common/pico_multicore/multicore.c.o
LOAD CMakeFiles/tiles_parallax.dir/__/__/libdvi/dvi.c.o
LOAD CMakeFiles/tiles_parallax.dir/__/__/libdvi/dvi_serialiser.c.o
LOAD CMakeFiles/tiles_parallax.dir/__/__/libdvi/dvi_timing.c.o
LOAD CMakeFiles/tiles_parallax.dir/__/__/libdvi/tmds_encode.S.o
LOAD CMakeFiles/tiles_parallax.dir/__/__/libdvi/tmds_encode.c.o
LOAD CMakeFiles/tiles_parallax.dir/Users/giovanni.pozzobon/Documents/pico/pico-sdk/src/rp2_common/hardware_dma/dma.c.o
LOAD CMakeFiles/tiles_parallax.dir/Users/giovanni.pozzobon/Documents/pico/pico-sdk/src/rp2_common/hardware_interp/interp.c.o
LOAD CMakeFiles/tiles_parallax.dir/Users/giovanni.pozzobon/Documents/pico/pico-sdk/src/rp2_common/hardware_pio/pio.c.o
LOAD CMakeFiles/tiles_parallax.dir/__/__/libsprite/sprite.S.o
LOAD CMakeFiles/tiles_parallax.dir/__/__/libsprite/sprite.c.o
LOAD CMakeFiles/tiles_parallax.dir/__/__/libsprite/tile.S.o
LOAD CMakeFiles/tiles_parallax.dir/__/__/libsprite/tile.c.o
LOAD ../../pico-sdk/src/rp2040/boot_stage2/CMakeFiles/bs2_default_library.dir/bs2_default_padded_checksummed.S.o
LOAD /Applications/ArmGNUToolchain/14.2.rel1/arm-none-eabi/bin/../lib/gcc/arm-none-eabi/14.2.1/../../../../arm-none-eabi/lib/thumb/v6-m/nofp/libstdc++.a
LOAD /Applications/ArmGNUToolchain/14.2.rel1/arm-none-eabi/bin/../lib/gcc/arm-none-eabi/14.2.1/../../../../arm-none-eabi/lib/thumb/v6-m/nofp/libm.a
START GROUP
LOAD /Applications/ArmGNUToolchain/14.2.rel1/arm-none-eabi/bin/../lib/gcc/arm-none-eabi/14.2.1/thumb/v6-m/nofp/libgcc.a
LOAD /Applications/ArmGNUToolchain/14.2.rel1/arm-none-eabi/bin/../lib/gcc/arm-none-eabi/14.2.1/../../../../arm-none-eabi/lib/thumb/v6-m/nofp/libg.a
LOAD /Applications/ArmGNUToolchain/14.2.rel1/arm-none-eabi/bin/../lib/gcc/arm-none-eabi/14.2.1/../../../../arm-none-eabi/lib/thumb/v6-m/nofp/libc.a
END GROUP
START GROUP
LOAD /Applications/ArmGNUToolchain/14.2.rel1/arm-none-eabi/bin/../lib/gcc/arm-none-eabi/14.2.1/thumb/v6-m/nofp/libgcc.a
LOAD /Applications/ArmGNUToolchain/14.2.rel1/arm-none-eabi/bin/../lib/gcc/arm-none-eabi/14.2.1/../../../../arm-none-eabi/lib/thumb/v6-m/nofp/libc.a
LOAD /Applications/ArmGNUToolchain/14.2.rel1/arm-none-eabi/bin/../lib/gcc/arm-none-eabi/14.2.1/../../../../arm-none-eabi/lib/thumb/v6-m/nofp/libnosys.a
END GROUP
LOAD /Applications/ArmGNUToolchain/14.2.rel1/arm-none-eabi/bin/../lib/gcc/arm-none-eabi/14.2.1/thumb/v6-m/nofp/crtend.o
LOAD /Applications/ArmGNUToolchain/14.2.rel1/arm-none-eabi/bin/../lib/gcc/arm-none-eabi/14.2.1/thumb/v6-m/nofp/crtn.o
OUTPUT(tiles_parallax.elf elf32-littlearm)
LOAD linker stubs

.ARM.attributes
                0x00000000       0x28
 .ARM.attributes
                0x00000000       0x1e /Applications/ArmGNUToolchain/14.2.rel1/arm-none-eabi/bin/../lib/gcc/arm-none-eabi/14.2.1/thumb/v6-m/nofp/crti.o
 .ARM.attributes
                0x0000001e       0x2c /Applications/ArmGNUToolchain/14.2.rel1/arm-none-eabi/bin/../lib/gcc/arm-none-eabi/14.2.1/thumb/v6-m/nofp/crtbegin.o
 .ARM.attributes
                0x0000004a       0x2c CMakeFiles/tiles_parallax.dir/main.c.o
 .ARM.attributes
                0x00000076       0x2c CMakeFiles/tiles_parallax.dir/Users/giovanni.pozzobon/Documents/pico/pico-sdk/src/rp2_common/pico_stdlib/stdlib.c.o
 .ARM.attributes
                0x000000a2       0x2c CMakeFiles/tiles_parallax.dir/Users/giovanni.pozzobon/Documents/pico/pico-sdk/src/rp2_common/hardware_gpio/gpio.c.o
 .ARM.attributes
                0x000000ce       0x2c CMakeFiles/tiles_parallax.dir/Users/giovanni.pozzobon/Documents/pico/pico-sdk/src/rp2_common/pico_platform_panic/panic.c.o
 .ARM.attributes
                0x000000fa       0x2c CMakeFiles/tiles_parallax.dir/Users/giovanni.pozzobon/Documents/pico/pico-sdk/src/common/hardware_claim/claim.c.o
 .ARM.attributes
                0x00000126       0x2c CMakeFiles/tiles_parallax.dir/Users/giovanni.pozzobon/Documents/pico/pico-sdk/src/rp2_common/hardware_sync/sync.c.o
 .ARM.attributes
                0x00000152       0x2c CMakeFiles/tiles_parallax.dir/Users/giovanni.pozzobon/Documents/pico/pico-sdk/src/rp2_common/hardware_sync_spin_lock/sync_spin_lock.c.o
 .ARM.attributes
                0x0000017e       0x2c CMakeFiles/tiles_parallax.dir/Users/giovanni.pozzobon/Documents/pico/pico-sdk/src/rp2_common/hardware_irq/irq.c.o
 .ARM.attributes
                0x000001aa       0x22 CMakeFiles/tiles_parallax.dir/Users/giovanni.pozzobon/Documents/pico/pico-sdk/src/rp2_common/hardware_irq/irq_handler_chain.S.o
 .ARM.attributes
                0x000001cc       0x2c CMakeFiles/tiles_parallax.dir/Users/giovanni.pozzobon/Documents/pico/pico-sdk/src/common/pico_sync/lock_core.c.o
 .ARM.attributes
                0x000001f8       0x2c CMakeFiles/tiles_parallax.dir/Users/giovanni.pozzobon/Documents/pico/pico-sdk/src/common/pico_sync/mutex.c.o
 .ARM.attributes
                0x00000224       0x2c CMakeFiles/tiles_parallax.dir/Users/giovanni.pozzobon/Documents/pico/pico-sdk/src/common/pico_time/time.c.o
 .ARM.attributes
                0x00000250       0x2c CMakeFiles/tiles_parallax.dir/Users/giovanni.pozzobon/Documents/pico/pico-sdk/src/rp2_common/hardware_timer/timer.c.o
 .ARM.attributes
                0x0000027c       0x2c CMakeFiles/tiles_parallax.dir/Users/giovanni.pozzobon/Documents/pico/pico-sdk/src/common/pico_util/queue.c.o
 .ARM.attributes
                0x000002a8       0x2c CMakeFiles/tiles_parallax.dir/Users/giovanni.pozzobon/Documents/pico/pico-sdk/src/rp2_common/hardware_uart/uart.c.o
 .ARM.attributes
                0x000002d4       0x2c CMakeFiles/tiles_parallax.dir/Users/giovanni.pozzobon/Documents/pico/pico-sdk/src/rp2_common/hardware_clocks/clocks.c.o
 .ARM.attributes
                0x00000300       0x2c CMakeFiles/tiles_parallax.dir/Users/giovanni.pozzobon/Documents/pico/pico-sdk/src/rp2_common/hardware_pll/pll.c.o
 .ARM.attributes
                0x0000032c       0x2c CMakeFiles/tiles_parallax.dir/Users/giovanni.pozzobon/Documents/pico/pico-sdk/src/rp2_common/hardware_vreg/vreg.c.o
 .ARM.attributes
                0x00000358       0x2c CMakeFiles/tiles_parallax.dir/Users/giovanni.pozzobon/Documents/pico/pico-sdk/src/rp2_common/hardware_ticks/ticks.c.o
 .ARM.attributes
                0x00000384       0x2c CMakeFiles/tiles_parallax.dir/Users/giovanni.pozzobon/Documents/pico/pico-sdk/src/rp2_common/pico_bootrom/bootrom.c.o
 .ARM.attributes
                0x000003b0       0x2c CMakeFiles/tiles_parallax.dir/Users/giovanni.pozzobon/Documents/pico/pico-sdk/src/rp2_common/hardware_xosc/xosc.c.o
 .ARM.attributes
                0x000003dc       0x2c CMakeFiles/tiles_parallax.dir/Users/giovanni.pozzobon/Documents/pico/pico-sdk/src/rp2_common/pico_runtime/runtime.c.o
 .ARM.attributes
                0x00000408       0x2c CMakeFiles/tiles_parallax.dir/Users/giovanni.pozzobon/Documents/pico/pico-sdk/src/rp2_common/pico_runtime_init/runtime_init.c.o
 .ARM.attributes
                0x00000434       0x2c CMakeFiles/tiles_parallax.dir/Users/giovanni.pozzobon/Documents/pico/pico-sdk/src/rp2_common/pico_runtime_init/runtime_init_clocks.c.o
 .ARM.attributes
                0x00000460       0x22 CMakeFiles/tiles_parallax.dir/Users/giovanni.pozzobon/Documents/pico/pico-sdk/src/rp2_common/pico_bit_ops/bit_ops_aeabi.S.o
 .ARM.attributes
                0x00000482       0x22 CMakeFiles/tiles_parallax.dir/Users/giovanni.pozzobon/Documents/pico/pico-sdk/src/rp2_common/pico_divider/divider_hardware.S.o
 .ARM.attributes
                0x000004a4       0x22 CMakeFiles/tiles_parallax.dir/Users/giovanni.pozzobon/Documents/pico/pico-sdk/src/rp2_common/pico_double/double_aeabi_rp2040.S.o
 .ARM.attributes
                0x000004c6       0x2c CMakeFiles/tiles_parallax.dir/Users/giovanni.pozzobon/Documents/pico/pico-sdk/src/rp2_common/pico_double/double_init_rom_rp2040.c.o
 .ARM.attributes
                0x000004f2       0x22 CMakeFiles/tiles_parallax.dir/Users/giovanni.pozzobon/Documents/pico/pico-sdk/src/rp2_common/pico_double/double_v1_rom_shim_rp2040.S.o
 .ARM.attributes
                0x00000514       0x22 CMakeFiles/tiles_parallax.dir/Users/giovanni.pozzobon/Documents/pico/pico-sdk/src/rp2_common/pico_int64_ops/pico_int64_ops_aeabi.S.o
 .ARM.attributes
                0x00000536       0x22 CMakeFiles/tiles_parallax.dir/Users/giovanni.pozzobon/Documents/pico/pico-sdk/src/rp2_common/pico_float/float_aeabi_rp2040.S.o
 .ARM.attributes
                0x00000558       0x2c CMakeFiles/tiles_parallax.dir/Users/giovanni.pozzobon/Documents/pico/pico-sdk/src/rp2_common/pico_float/float_init_rom_rp2040.c.o
 .ARM.attributes
                0x00000584       0x22 CMakeFiles/tiles_parallax.dir/Users/giovanni.pozzobon/Documents/pico/pico-sdk/src/rp2_common/pico_float/float_v1_rom_shim_rp2040.S.o
 .ARM.attributes
                0x000005a6       0x2c CMakeFiles/tiles_parallax.dir/Users/giovanni.pozzobon/Documents/pico/pico-sdk/src/rp2_common/pico_malloc/malloc.c.o
 .ARM.attributes
                0x000005d2       0x22 CMakeFiles/tiles_parallax.dir/Users/giovanni.pozzobon/Documents/pico/pico-sdk/src/rp2_common/pico_mem_ops/mem_ops_aeabi.S.o
 .ARM.attributes
                0x000005f4       0x2c CMakeFiles/tiles_parallax.dir/Users/giovanni.pozzobon/Documents/pico/pico-sdk/src/rp2_common/pico_standard_binary_info/standard_binary_info.c.o
 .ARM.attributes
                0x00000620       0x2c CMakeFiles/tiles_parallax.dir/Users/giovanni.pozzobon/Documents/pico/pico-sdk/src/rp2_common/pico_printf/printf.c.o
 .ARM.attributes
                0x0000064c       0x22 CMakeFiles/tiles_parallax.dir/Users/giovanni.pozzobon/Documents/pico/pico-sdk/src/rp2_common/pico_crt0/crt0.S.o
 .ARM.attributes
                0x0000066e       0x2c CMakeFiles/tiles_parallax.dir/Users/giovanni.pozzobon/Documents/pico/pico-sdk/src/rp2_common/pico_clib_interface/newlib_interface.c.o
 .ARM.attributes
                0x0000069a       0x2c CMakeFiles/tiles_parallax.dir/Users/giovanni.pozzobon/Documents/pico/pico-sdk/src/rp2_common/pico_stdio/stdio.c.o
 .ARM.attributes
                0x000006c6       0x2c CMakeFiles/tiles_parallax.dir/Users/giovanni.pozzobon/Documents/pico/pico-sdk/src/rp2_common/pico_stdio_uart/stdio_uart.c.o
 .ARM.attributes
                0x000006f2       0x2c CMakeFiles/tiles_parallax.dir/Users/giovanni.pozzobon/Documents/pico/pico-sdk/src/rp2_common/pico_multicore/multicore.c.o
 .ARM.attributes
                0x0000071e       0x2c CMakeFiles/tiles_parallax.dir/__/__/libdvi/dvi.c.o
 .ARM.attributes
                0x0000074a       0x2c CMakeFiles/tiles_parallax.dir/__/__/libdvi/dvi_serialiser.c.o
 .ARM.attributes
                0x00000776       0x2c CMakeFiles/tiles_parallax.dir/__/__/libdvi/dvi_timing.c.o
 .ARM.attributes
                0x000007a2       0x22 CMakeFiles/tiles_parallax.dir/__/__/libdvi/tmds_encode.S.o
 .ARM.attributes
                0x000007c4       0x2c CMakeFiles/tiles_parallax.dir/__/__/libdvi/tmds_encode.c.o
 .ARM.attributes
                0x000007f0       0x2c CMakeFiles/tiles_parallax.dir/Users/giovanni.pozzobon/Documents/pico/pico-sdk/src/rp2_common/hardware_dma/dma.c.o
 .ARM.attributes
                0x0000081c       0x2c CMakeFiles/tiles_parallax.dir/Users/giovanni.pozzobon/Documents/pico/pico-sdk/src/rp2_common/hardware_interp/interp.c.o
 .ARM.attributes
                0x00000848       0x2c CMakeFiles/tiles_parallax.dir/Users/giovanni.pozzobon/Documents/pico/pico-sdk/src/rp2_common/hardware_pio/pio.c.o
 .ARM.attributes
                0x00000874       0x22 CMakeFiles/tiles_parallax.dir/__/__/libsprite/sprite.S.o
 .ARM.attributes
                0x00000896       0x22 CMakeFiles/tiles_parallax.dir/__/__/libsprite/tile.S.o
 .ARM.attributes
                0x000008b8       0x2c CMakeFiles/tiles_parallax.dir/__/__/libsprite/tile.c.o
 .ARM.attributes
                0x000008e4       0x22 ../../pico-sdk/src/rp2040/boot_stage2/CMakeFiles/bs2_default_library.dir/bs2_default_padded_checksummed.S.o
 .ARM.attributes
                0x00000906       0x1e /Applications/ArmGNUToolchain/14.2.rel1/arm-none-eabi/bin/../lib/gcc/arm-none-eabi/14.2.1/thumb/v6-m/nofp/libgcc.a(_dvmd_tls.o)
 .ARM.attributes
                0x00000924       0x2c /Applications/ArmGNUToolchain/14.2.rel1/arm-none-eabi/bin/../lib/gcc/arm-none-eabi/14.2.1/../../../../arm-none-eabi/lib/thumb/v6-m/nofp/libg.a(libc_a-calloc.o)
 .ARM.attributes
                0x00000950       0x2c /Applications/ArmGNUToolchain/14.2.rel1/arm-none-eabi/bin/../lib/gcc/arm-none-eabi/14.2.1/../../../../arm-none-eabi/lib/thumb/v6-m/nofp/libg.a(libc_a-callocr.o)
 .ARM.attributes
                0x0000097c       0x2c /Applications/ArmGNUToolchain/14.2.rel1/arm-none-eabi/bin/../lib/gcc/arm-none-eabi/14.2.1/../../../../arm-none-eabi/lib/thumb/v6-m/nofp/libg.a(libc_a-malloc.o)
 .ARM.attributes
                0x000009a8       0x2c /Applications/ArmGNUToolchain/14.2.rel1/arm-none-eabi/bin/../lib/gcc/arm-none-eabi/14.2.1/../../../../arm-none-eabi/lib/thumb/v6-m/nofp/libg.a(libc_a-mallocr.o)
 .ARM.attributes
                0x000009d4       0x2c /Applications/ArmGNUToolchain/14.2.rel1/arm-none-eabi/bin/../lib/gcc/arm-none-eabi/14.2.1/../../../../arm-none-eabi/lib/thumb/v6-m/nofp/libg.a(libc_a-mlock.o)
 .ARM.attributes
                0x00000a00       0x2c /Applications/ArmGNUToolchain/14.2.rel1/arm-none-eabi/bin/../lib/gcc/arm-none-eabi/14.2.1/../../../../arm-none-eabi/lib/thumb/v6-m/nofp/libg.a(libc_a-impure.o)
 .ARM.attributes
                0x00000a2c       0x2c /Applications/ArmGNUToolchain/14.2.rel1/arm-none-eabi/bin/../lib/gcc/arm-none-eabi/14.2.1/../../../../arm-none-eabi/lib/thumb/v6-m/nofp/libg.a(libc_a-sbrkr.o)
 .ARM.attributes
                0x00000a58       0x2c /Applications/ArmGNUToolchain/14.2.rel1/arm-none-eabi/bin/../lib/gcc/arm-none-eabi/14.2.1/../../../../arm-none-eabi/lib/thumb/v6-m/nofp/libg.a(libc_a-errno.o)
 .ARM.attributes
                0x00000a84       0x2c /Applications/ArmGNUToolchain/14.2.rel1/arm-none-eabi/bin/../lib/gcc/arm-none-eabi/14.2.1/../../../../arm-none-eabi/lib/thumb/v6-m/nofp/libg.a(libc_a-sysconf.o)
 .ARM.attributes
                0x00000ab0       0x2c /Applications/ArmGNUToolchain/14.2.rel1/arm-none-eabi/bin/../lib/gcc/arm-none-eabi/14.2.1/../../../../arm-none-eabi/lib/thumb/v6-m/nofp/libg.a(libc_a-lock.o)
 .ARM.attributes
                0x00000adc       0x2c /Applications/ArmGNUToolchain/14.2.rel1/arm-none-eabi/bin/../lib/gcc/arm-none-eabi/14.2.1/../../../../arm-none-eabi/lib/thumb/v6-m/nofp/libg.a(libc_a-strlen-stub.o)
 .ARM.attributes
                0x00000b08       0x2c /Applications/ArmGNUToolchain/14.2.rel1/arm-none-eabi/bin/../lib/gcc/arm-none-eabi/14.2.1/../../../../arm-none-eabi/lib/thumb/v6-m/nofp/libg.a(libc_a-freer.o)
 .ARM.attributes
                0x00000b34       0x2c /Applications/ArmGNUToolchain/14.2.rel1/arm-none-eabi/bin/../lib/gcc/arm-none-eabi/14.2.1/../../../../arm-none-eabi/lib/thumb/v6-m/nofp/libg.a(libc_a-findfp.o)
 .ARM.attributes
                0x00000b60       0x2c /Applications/ArmGNUToolchain/14.2.rel1/arm-none-eabi/bin/../lib/gcc/arm-none-eabi/14.2.1/../../../../arm-none-eabi/lib/thumb/v6-m/nofp/libg.a(libc_a-reent.o)
 .ARM.attributes
                0x00000b8c       0x2c /Applications/ArmGNUToolchain/14.2.rel1/arm-none-eabi/bin/../lib/gcc/arm-none-eabi/14.2.1/thumb/v6-m/nofp/crtend.o

.comment        0x00000000       0x45
 .comment       0x00000000       0x45 CMakeFiles/tiles_parallax.dir/main.c.o
                                 0x46 (size before relaxing)
 .comment       0x00000045       0x46 CMakeFiles/tiles_parallax.dir/Users/giovanni.pozzobon/Documents/pico/pico-sdk/src/rp2_common/pico_stdlib/stdlib.c.o
 .comment       0x00000045       0x46 CMakeFiles/tiles_parallax.dir/Users/giovanni.pozzobon/Documents/pico/pico-sdk/src/rp2_common/hardware_gpio/gpio.c.o
 .comment       0x00000045       0x46 CMakeFiles/tiles_parallax.dir/Users/giovanni.pozzobon/Documents/pico/pico-sdk/src/rp2_common/pico_platform_panic/panic.c.o
 .comment       0x00000045       0x46 CMakeFiles/tiles_parallax.dir/Users/giovanni.pozzobon/Documents/pico/pico-sdk/src/common/hardware_claim/claim.c.o
 .comment       0x00000045       0x46 CMakeFiles/tiles_parallax.dir/Users/giovanni.pozzobon/Documents/pico/pico-sdk/src/rp2_common/hardware_sync/sync.c.o
 .comment       0x00000045       0x46 CMakeFiles/tiles_parallax.dir/Users/giovanni.pozzobon/Documents/pico/pico-sdk/src/rp2_common/hardware_sync_spin_lock/sync_spin_lock.c.o
 .comment       0x00000045       0x46 CMakeFiles/tiles_parallax.dir/Users/giovanni.pozzobon/Documents/pico/pico-sdk/src/rp2_common/hardware_irq/irq.c.o
 .comment       0x00000045       0x46 CMakeFiles/tiles_parallax.dir/Users/giovanni.pozzobon/Documents/pico/pico-sdk/src/common/pico_sync/lock_core.c.o
 .comment       0x00000045       0x46 CMakeFiles/tiles_parallax.dir/Users/giovanni.pozzobon/Documents/pico/pico-sdk/src/common/pico_sync/mutex.c.o
 .comment       0x00000045       0x46 CMakeFiles/tiles_parallax.dir/Users/giovanni.pozzobon/Documents/pico/pico-sdk/src/common/pico_time/time.c.o
 .comment       0x00000045       0x46 CMakeFiles/tiles_parallax.dir/Users/giovanni.pozzobon/Documents/pico/pico-sdk/src/rp2_common/hardware_timer/timer.c.o
 .comment       0x00000045       0x46 CMakeFiles/tiles_parallax.dir/Users/giovanni.pozzobon/Documents/pico/pico-sdk/src/common/pico_util/queue.c.o
 .comment       0x00000045       0x46 CMakeFiles/tiles_parallax.dir/Users/giovanni.pozzobon/Documents/pico/pico-sdk/src/rp2_common/hardware_uart/uart.c.o
 .comment       0x00000045       0x46 CMakeFiles/tiles_parallax.dir/Users/giovanni.pozzobon/Documents/pico/pico-sdk/src/rp2_common/hardware_clocks/clocks.c.o
 .comment       0x00000045       0x46 CMakeFiles/tiles_parallax.dir/Users/giovanni.pozzobon/Documents/pico/pico-sdk/src/rp2_common/hardware_pll/pll.c.o
 .comment       0x00000045       0x46 CMakeFiles/tiles_parallax.dir/Users/giovanni.pozzobon/Documents/pico/pico-sdk/src/rp2_common/hardware_vreg/vreg.c.o
 .comment       0x00000045       0x46 CMakeFiles/tiles_parallax.dir/Users/giovanni.pozzobon/Documents/pico/pico-sdk/src/rp2_common/hardware_ticks/ticks.c.o
 .comment       0x00000045       0x46 CMakeFiles/tiles_parallax.dir/Users/giovanni.pozzobon/Documents/pico/pico-sdk/src/rp2_common/pico_bootrom/bootrom.c.o
 .comment       0x00000045       0x46 CMakeFiles/tiles_parallax.dir/Users/giovanni.pozzobon/Documents/pico/pico-sdk/src/rp2_common/hardware_xosc/xosc.c.o
 .comment       0x00000045       0x46 CMakeFiles/tiles_parallax.dir/Users/giovanni.pozzobon/Documents/pico/pico-sdk/src/rp2_common/pico_runtime/runtime.c.o